{
  "6mwt": {
    "6mwt-acc_sig_ene": 48.63621794725729,
    "6mwt-acc_ps_ene_x": 0.06110896963283292,
    "6mwt-acc_ps_ene_y": 0.03321246890354755,
    "6mwt-acc_ps_ene_z": 0.0286759761527616,
    "6mwt-acc_ps_peak_x": 1.953125,
    "6mwt-acc_ps_peak_y": 4.6875,
    "6mwt-acc_ps_peak_z": 1.7578125,
    "6mwt-acc_ps_ent_x": 4.5226756823795125,
    "6mwt-acc_ps_ent_y": 6.184224331270476,
    "6mwt-acc_ps_ent_z": 5.702810081234182,
    "6mwt-acc_ps_amp_x": 0.051518346134143536,
    "6mwt-acc_ps_amp_y": 0.0043752222782171175,
    "6mwt-acc_ps_amp_z": 0.00798062043748493,
    "6mwt-gyr_sig_ene": 69.92834330061872,
    "6mwt-gyr_ps_ene_x": 0.15587570101279355,
    "6mwt-gyr_ps_ene_y": 0.06352965195364058,
    "6mwt-gyr_ps_ene_z": 0.16541659248103852,
    "6mwt-gyr_ps_peak_x": 0.390625,
    "6mwt-gyr_ps_peak_y": 1.7578125,
    "6mwt-gyr_ps_peak_z": 0.9765625,
    "6mwt-gyr_ps_ent_x": 4.918795919562723,
    "6mwt-gyr_ps_ent_y": 6.0567602430101,
    "6mwt-gyr_ps_ent_z": 5.2166076369377565,
    "6mwt-gyr_ps_amp_x": 0.0452894517408087,
    "6mwt-gyr_ps_amp_y": 0.00998008617464591,
    "6mwt-gyr_ps_amp_z": 0.03948034138156897,
    "6mwt-lee_ab-sp": 0.01287148683362547,
    "6mwt-lee_lb-sp": 0.012610664536810584,
    "6mwt-lee_2min-sp": 0.012769510774380745,
    "6mwt-lee_nb-sp": 0.013848491446295639,
    "6mwt-gp_nb-step_len-mean": 0.703,
    "6mwt-gp_nb-step_len-std": 0.094,
    "6mwt-gp_nb-step_len-median": 0.71,
    "6mwt-gp_nb-step_len-min": 0.21,
    "6mwt-gp_nb-step_len-max": 0.928,
    "6mwt-gp_nb-step_len_asym-mean": 0.068,
    "6mwt-gp_nb-step_len_asym-std": 0.053,
    "6mwt-gp_nb-step_len_asym-median": 0.056,
    "6mwt-gp_nb-step_len_asym-min": 0.0,
    "6mwt-gp_nb-step_len_asym-max": 0.387,
    "6mwt-gp_nb-stride_len-mean": 1.408,
    "6mwt-gp_nb-stride_len-std": 0.162,
    "6mwt-gp_nb-stride_len-median": 1.434,
    "6mwt-gp_nb-stride_len-min": 0.421,
    "6mwt-gp_nb-stride_len-max": 1.792,
    "6mwt-gp_nb-stride_len_asym-mean": 0.064,
    "6mwt-gp_nb-stride_len_asym-std": 0.059,
    "6mwt-gp_nb-stride_len_asym-median": 0.046,
    "6mwt-gp_nb-stride_len_asym-max": 0.336,
    "6mwt-gp_nb-stride_len_asym-min": 0.0,
    "6mwt-gp_nb-gait_speed-mean": 1.279,
    "6mwt-gp_nb-gait_speed-std": 0.213,
    "6mwt-gp_nb-gait_speed-median": 1.346,
    "6mwt-gp_nb-gait_speed-min": 0.305,
    "6mwt-gp_nb-gait_speed-max": 1.723,
    "6mwt-gp_ab-step_len-mean": 0.716,
    "6mwt-gp_ab-step_len-std": 0.07,
    "6mwt-gp_ab-step_len-median": 0.714,
    "6mwt-gp_ab-step_len-min": 0.49,
    "6mwt-gp_ab-step_len-max": 0.928,
    "6mwt-gp_ab-step_len_asym-mean": 0.066,
    "6mwt-gp_ab-step_len_asym-std": 0.049,
    "6mwt-gp_ab-step_len_asym-median": 0.056,
    "6mwt-gp_ab-step_len_asym-min": 0.0,
    "6mwt-gp_ab-step_len_asym-max": 0.249,
    "6mwt-gp_ab-stride_len-mean": 1.432,
    "6mwt-gp_ab-stride_len-std": 0.113,
    "6mwt-gp_ab-stride_len-median": 1.44,
    "6mwt-gp_ab-stride_len-min": 1.081,
    "6mwt-gp_ab-stride_len-max": 1.792,
    "6mwt-gp_ab-stride_len_asym-mean": 0.06,
    "6mwt-gp_ab-stride_len_asym-std": 0.052,
    "6mwt-gp_ab-stride_len_asym-median": 0.046,
    "6mwt-gp_ab-stride_len_asym-max": 0.336,
    "6mwt-gp_ab-stride_len_asym-min": 0.0,
    "6mwt-gp_ab-gait_speed-mean": 1.306,
    "6mwt-gp_ab-gait_speed-std": 0.164,
    "6mwt-gp_ab-gait_speed-median": 1.356,
    "6mwt-gp_ab-gait_speed-min": 0.827,
    "6mwt-gp_ab-gait_speed-max": 1.723,
    "6mwt-gp_lb-step_len-mean": 0.668,
    "6mwt-gp_lb-step_len-std": 0.062,
    "6mwt-gp_lb-step_len-median": 0.667,
    "6mwt-gp_lb-step_len-min": 0.49,
    "6mwt-gp_lb-step_len-max": 0.908,
    "6mwt-gp_lb-step_len_asym-mean": 0.069,
    "6mwt-gp_lb-step_len_asym-std": 0.05,
    "6mwt-gp_lb-step_len_asym-median": 0.06,
    "6mwt-gp_lb-step_len_asym-min": 0.0,
    "6mwt-gp_lb-step_len_asym-max": 0.238,
    "6mwt-gp_lb-stride_len-mean": 1.336,
    "6mwt-gp_lb-stride_len-std": 0.091,
    "6mwt-gp_lb-stride_len-median": 1.33,
    "6mwt-gp_lb-stride_len-min": 1.081,
    "6mwt-gp_lb-stride_len-max": 1.69,
    "6mwt-gp_lb-stride_len_asym-mean": 0.063,
    "6mwt-gp_lb-stride_len_asym-std": 0.059,
    "6mwt-gp_lb-stride_len_asym-median": 0.047,
    "6mwt-gp_lb-stride_len_asym-max": 0.336,
    "6mwt-gp_lb-stride_len_asym-min": 0.001,
    "6mwt-gp_lb-gait_speed-mean": 1.123,
    "6mwt-gp_lb-gait_speed-std": 0.09,
    "6mwt-gp_lb-gait_speed-median": 1.127,
    "6mwt-gp_lb-gait_speed-min": 0.827,
    "6mwt-gp_lb-gait_speed-max": 1.433,
    "6mwt-gp_2min-step_len-mean": 0.75,
    "6mwt-gp_2min-step_len-std": 0.058,
    "6mwt-gp_2min-step_len-median": 0.739,
    "6mwt-gp_2min-step_len-min": 0.646,
    "6mwt-gp_2min-step_len-max": 0.922,
    "6mwt-gp_2min-step_len_asym-mean": 0.065,
    "6mwt-gp_2min-step_len_asym-std": 0.051,
    "6mwt-gp_2min-step_len_asym-median": 0.052,
    "6mwt-gp_2min-step_len_asym-min": 0.002,
    "6mwt-gp_2min-step_len_asym-max": 0.249,
    "6mwt-gp_2min-stride_len-mean": 1.499,
    "6mwt-gp_2min-stride_len-std": 0.082,
    "6mwt-gp_2min-stride_len-median": 1.48,
    "6mwt-gp_2min-stride_len-min": 1.321,
    "6mwt-gp_2min-stride_len-max": 1.722,
    "6mwt-gp_2min-stride_len_asym-mean": 0.055,
    "6mwt-gp_2min-stride_len_asym-std": 0.046,
    "6mwt-gp_2min-stride_len_asym-median": 0.043,
    "6mwt-gp_2min-stride_len_asym-min": 0.001,
    "6mwt-gp_2min-stride_len_asym-max": 0.198,
    "6mwt-gp_2min-gait_speed-mean": 1.431,
    "6mwt-gp_2min-gait_speed-std": 0.08,
    "6mwt-gp_2min-gait_speed-median": 1.421,
    "6mwt-gp_2min-gait_speed-min": 1.246,
    "6mwt-gp_2min-gait_speed-max": 1.688,
    "6mwt-lee_ab-hr_pos-mean": 0.10060393444329745,
    "6mwt-lee_ab-hr_pos-std": 0.24603630794192968,
    "6mwt-lee_ab-hr_pos-median": 0.058590203407324556,
    "6mwt-lee_ab-hr_pos-min": 0.000877171038562764,
    "6mwt-lee_ab-hr_pos-max": 3.379392563629367,
    "6mwt-lee_ab-hr_neg-mean": 0.08252469777215753,
    "6mwt-lee_ab-hr_neg-std": 0.1945087761626067,
    "6mwt-lee_ab-hr_neg-median": 0.046422544675354456,
    "6mwt-lee_ab-hr_neg-min": 0.0009272342399211556,
    "6mwt-lee_ab-hr_neg-max": 2.4548783387832116,
    "6mwt-lee_lb-hr_pos-mean": 0.08488335199682787,
    "6mwt-lee_lb-hr_pos-std": 0.16377875885309087,
    "6mwt-lee_lb-hr_pos-median": 0.04997276722654017,
    "6mwt-lee_lb-hr_pos-min": 0.000877171038562764,
    "6mwt-lee_lb-hr_pos-max": 1.7788589079797958,
    "6mwt-lee_lb-hr_neg-mean": 0.07014360624582312,
    "6mwt-lee_lb-hr_neg-std": 0.1506650428560232,
    "6mwt-lee_lb-hr_neg-median": 0.04373087434142539,
    "6mwt-lee_lb-hr_neg-min": 0.0009272342399211556,
    "6mwt-lee_lb-hr_neg-max": 1.747690829437191,
    "6mwt-lee_nb-hr_pos-mean": 0.10058932864534689,
    "6mwt-lee_nb-hr_pos-std": 0.19336235460444656,
    "6mwt-lee_nb-hr_pos-median": 0.058777567194025326,
    "6mwt-lee_nb-hr_pos-min": 0.000877171038562764,
    "6mwt-lee_nb-hr_pos-max": 1.7788589079797958,
    "6mwt-lee_nb-hr_neg-mean": 0.08254255721562388,
    "6mwt-lee_nb-hr_neg-std": 0.19307638071769384,
    "6mwt-lee_nb-hr_neg-median": 0.046447640820999204,
    "6mwt-lee_nb-hr_neg-min": 0.0009272342399211556,
    "6mwt-lee_nb-hr_neg-max": 2.4289100237004204,
    "6mwt-lee_2min-hr_pos-mean": 0.11977071813791261,
    "6mwt-lee_2min-hr_pos-std": 0.3358679718256361,
    "6mwt-lee_2min-hr_pos-median": 0.0652161553881854,
    "6mwt-lee_2min-hr_pos-min": 0.0012989680059895658,
    "6mwt-lee_2min-hr_pos-max": 3.379392563629367,
    "6mwt-lee_2min-hr_neg-mean": 0.0722302876172264,
    "6mwt-lee_2min-hr_neg-std": 0.08361666619815794,
    "6mwt-lee_2min-hr_neg-median": 0.052650253684137,
    "6mwt-lee_2min-hr_neg-min": 0.002135090781480836,
    "6mwt-lee_2min-hr_neg-max": 0.6180472576426058,
    "6mwt-gp_2min-step_len-q95": 0.87,
    "6mwt-gp_2min-step_len_asym-q95": 0.172,
    "6mwt-gp_2min-stride_len-q95": 1.654,
    "6mwt-gp_2min-stride_len_asym-q95": 0.155,
    "6mwt-gp_2min-gait_speed-q95": 1.568,
    "6mwt-gp_lb-step_len-q95": 0.772,
    "6mwt-gp_lb-step_len_asym-q95": 0.166,
    "6mwt-gp_lb-stride_len-q95": 1.497,
    "6mwt-gp_lb-stride_len_asym-q95": 0.161,
    "6mwt-gp_lb-gait_speed-q95": 1.263,
    "6mwt-gp_ab-step_len-q95": 0.846,
    "6mwt-gp_ab-step_len_asym-q95": 0.164,
    "6mwt-gp_ab-stride_len-q95": 1.63,
    "6mwt-gp_ab-stride_len_asym-q95": 0.162,
    "6mwt-gp_ab-gait_speed-q95": 1.535,
    "6mwt-gp_nb-step_len-q95": 0.835,
    "6mwt-gp_nb-step_len_asym-q95": 0.173,
    "6mwt-gp_nb-stride_len-q95": 1.626,
    "6mwt-gp_nb-stride_len_asym-q95": 0.178,
    "6mwt-gp_nb-gait_speed-q95": 1.534,
    "6mwt-gp_2min-step_len-cv": 0.078,
    "6mwt-gp_2min-stride_len-cv": 0.055,
    "6mwt-gp_lb-step_len-cv": 0.093,
    "6mwt-gp_lb-stride_len-cv": 0.068,
    "6mwt-gp_ab-step_len-cv": 0.098,
    "6mwt-gp_ab-stride_len-cv": 0.079,
    "6mwt-gp_nb-step_len-cv": 0.133,
    "6mwt-gp_nb-stride_len-cv": 0.115,
    "6mwt-gp_2min-step_len_asym-cv": 0.78,
    "6mwt-gp_2min-stride_len_asym-cv": 0.837,
    "6mwt-gp_lb-step_len_asym-cv": 0.726,
    "6mwt-gp_lb-stride_len_asym-cv": 0.936,
    "6mwt-gp_ab-step_len_asym-cv": 0.741,
    "6mwt-gp_ab-stride_len_asym-cv": 0.878,
    "6mwt-gp_nb-step_len_asym-cv": 0.781,
    "6mwt-gp_nb-stride_len_asym-cv": 0.919,
    "6mwt-gp_2min-gait_speed-cv": 0.056,
    "6mwt-gp_lb-gait_speed-cv": 0.08,
    "6mwt-gp_ab-gait_speed-cv": 0.126,
    "6mwt-gp_nb-gait_speed-cv": 0.167,
    "6mwt-gp_2min-stride_dur_asym_ln-mean": -0.011,
    "6mwt-gp_2min-stride_dur_asym_ln-std": 0.011,
    "6mwt-gp_2min-stride_dur_asym_ln-median": -0.019,
    "6mwt-gp_2min-stride_dur_asym_ln-min": -0.039,
    "6mwt-gp_2min-stride_dur_asym_ln-max": 0.0,
    "6mwt-gp_2min-stride_dur_asym_ln-q95": 0.0,
    "6mwt-gp_2min-stride_dur_asym_ln-cv": -0.974,
    "6mwt-gp_2min-step_dur_asym_ln-mean": -0.064,
    "6mwt-gp_2min-step_dur_asym_ln-std": 0.035,
    "6mwt-gp_2min-step_dur_asym_ln-median": -0.077,
    "6mwt-gp_2min-step_dur_asym_ln-min": -0.154,
    "6mwt-gp_2min-step_dur_asym_ln-max": 0.0,
    "6mwt-gp_2min-step_dur_asym_ln-q95": 0.0,
    "6mwt-gp_2min-step_dur_asym_ln-cv": -0.544,
    "6mwt-gp_2min-stride_len_asym_ln-mean": -0.036,
    "6mwt-gp_2min-stride_len_asym_ln-std": 0.03,
    "6mwt-gp_2min-stride_len_asym_ln-median": -0.028,
    "6mwt-gp_2min-stride_len_asym_ln-min": -0.123,
    "6mwt-gp_2min-stride_len_asym_ln-max": 0.0,
    "6mwt-gp_2min-stride_len_asym_ln-q95": -0.003,
    "6mwt-gp_2min-stride_len_asym_ln-cv": -0.834,
    "6mwt-gp_2min-step_len_asym_ln-mean": -0.086,
    "6mwt-gp_2min-step_len_asym_ln-std": 0.065,
    "6mwt-gp_2min-step_len_asym_ln-median": -0.069,
    "6mwt-gp_2min-step_len_asym_ln-min": -0.315,
    "6mwt-gp_2min-step_len_asym_ln-max": 0.0,
    "6mwt-gp_2min-step_len_asym_ln-q95": -0.01,
    "6mwt-gp_2min-step_len_asym_ln-cv": -0.758,
    "6mwt-gp_lb-stride_dur_asym_ln-mean": -0.022,
    "6mwt-gp_lb-stride_dur_asym_ln-std": 0.018,
    "6mwt-gp_lb-stride_dur_asym_ln-median": -0.017,
    "6mwt-gp_lb-stride_dur_asym_ln-min": -0.147,
    "6mwt-gp_lb-stride_dur_asym_ln-max": 0.0,
    "6mwt-gp_lb-stride_dur_asym_ln-q95": 0.0,
    "6mwt-gp_lb-stride_dur_asym_ln-cv": -0.853,
    "6mwt-gp_lb-step_dur_asym_ln-mean": -0.047,
    "6mwt-gp_lb-step_dur_asym_ln-std": 0.04,
    "6mwt-gp_lb-step_dur_asym_ln-median": -0.034,
    "6mwt-gp_lb-step_dur_asym_ln-min": -0.201,
    "6mwt-gp_lb-step_dur_asym_ln-max": 0.0,
    "6mwt-gp_lb-step_dur_asym_ln-q95": 0.0,
    "6mwt-gp_lb-step_dur_asym_ln-cv": -0.856,
    "6mwt-gp_lb-stride_len_asym_ln-mean": -0.047,
    "6mwt-gp_lb-stride_len_asym_ln-std": 0.043,
    "6mwt-gp_lb-stride_len_asym_ln-median": -0.037,
    "6mwt-gp_lb-stride_len_asym_ln-min": -0.222,
    "6mwt-gp_lb-stride_len_asym_ln-max": 0.0,
    "6mwt-gp_lb-stride_len_asym_ln-q95": -0.003,
    "6mwt-gp_lb-stride_len_asym_ln-cv": -0.924,
    "6mwt-gp_lb-step_len_asym_ln-mean": -0.102,
    "6mwt-gp_lb-step_len_asym_ln-std": 0.075,
    "6mwt-gp_lb-step_len_asym_ln-median": -0.089,
    "6mwt-gp_lb-step_len_asym_ln-min": -0.366,
    "6mwt-gp_lb-step_len_asym_ln-max": 0.0,
    "6mwt-gp_lb-step_len_asym_ln-q95": -0.008,
    "6mwt-gp_lb-step_len_asym_ln-cv": -0.737,
    "6mwt-gp_ab-stride_dur_asym_ln-mean": -0.015,
    "6mwt-gp_ab-stride_dur_asym_ln-std": 0.015,
    "6mwt-gp_ab-stride_dur_asym_ln-median": -0.017,
    "6mwt-gp_ab-stride_dur_asym_ln-min": -0.147,
    "6mwt-gp_ab-stride_dur_asym_ln-max": 0.0,
    "6mwt-gp_ab-stride_dur_asym_ln-q95": 0.0,
    "6mwt-gp_ab-stride_dur_asym_ln-cv": -1.002,
    "6mwt-gp_ab-step_dur_asym_ln-mean": -0.052,
    "6mwt-gp_ab-step_dur_asym_ln-std": 0.038,
    "6mwt-gp_ab-step_dur_asym_ln-median": -0.038,
    "6mwt-gp_ab-step_dur_asym_ln-min": -0.201,
    "6mwt-gp_ab-step_dur_asym_ln-max": 0.0,
    "6mwt-gp_ab-step_dur_asym_ln-q95": 0.0,
    "6mwt-gp_ab-step_dur_asym_ln-cv": -0.728,
    "6mwt-gp_ab-stride_len_asym_ln-mean": -0.041,
    "6mwt-gp_ab-stride_len_asym_ln-std": 0.037,
    "6mwt-gp_ab-stride_len_asym_ln-median": -0.032,
    "6mwt-gp_ab-stride_len_asym_ln-min": -0.222,
    "6mwt-gp_ab-stride_len_asym_ln-max": 0.0,
    "6mwt-gp_ab-stride_len_asym_ln-q95": -0.003,
    "6mwt-gp_ab-stride_len_asym_ln-cv": -0.887,
    "6mwt-gp_ab-step_len_asym_ln-mean": -0.092,
    "6mwt-gp_ab-step_len_asym_ln-std": 0.068,
    "6mwt-gp_ab-step_len_asym_ln-median": -0.076,
    "6mwt-gp_ab-step_len_asym_ln-min": -0.366,
    "6mwt-gp_ab-step_len_asym_ln-max": 0.0,
    "6mwt-gp_ab-step_len_asym_ln-q95": -0.009,
    "6mwt-gp_ab-step_len_asym_ln-cv": -0.746,
    "6mwt-gp_nb-stride_dur_asym_ln-mean": -0.022,
    "6mwt-gp_nb-stride_dur_asym_ln-std": 0.045,
    "6mwt-gp_nb-stride_dur_asym_ln-median": -0.018,
    "6mwt-gp_nb-stride_dur_asym_ln-min": -0.507,
    "6mwt-gp_nb-stride_dur_asym_ln-max": 0.0,
    "6mwt-gp_nb-stride_dur_asym_ln-q95": 0.0,
    "6mwt-gp_nb-stride_dur_asym_ln-cv": -1.997,
    "6mwt-gp_nb-step_dur_asym_ln-mean": -0.064,
    "6mwt-gp_nb-step_dur_asym_ln-std": 0.085,
    "6mwt-gp_nb-step_dur_asym_ln-median": -0.038,
    "6mwt-gp_nb-step_dur_asym_ln-min": -0.916,
    "6mwt-gp_nb-step_dur_asym_ln-max": 0.0,
    "6mwt-gp_nb-step_dur_asym_ln-q95": 0.0,
    "6mwt-gp_nb-step_dur_asym_ln-cv": -1.319,
    "6mwt-gp_nb-stride_len_asym_ln-mean": -0.047,
    "6mwt-gp_nb-stride_len_asym_ln-std": 0.049,
    "6mwt-gp_nb-stride_len_asym_ln-median": -0.032,
    "6mwt-gp_nb-stride_len_asym_ln-min": -0.431,
    "6mwt-gp_nb-stride_len_asym_ln-max": 0.0,
    "6mwt-gp_nb-stride_len_asym_ln-q95": -0.003,
    "6mwt-gp_nb-stride_len_asym_ln-cv": -1.054,
    "6mwt-gp_nb-step_len_asym_ln-mean": -0.099,
    "6mwt-gp_nb-step_len_asym_ln-std": 0.086,
    "6mwt-gp_nb-step_len_asym_ln-median": -0.078,
    "6mwt-gp_nb-step_len_asym_ln-min": -0.702,
    "6mwt-gp_nb-step_len_asym_ln-max": 0.0,
    "6mwt-gp_nb-step_len_asym_ln-q95": -0.009,
    "6mwt-gp_nb-step_len_asym_ln-cv": -0.873,
    "6mwt-perc_not_walking": 9.044416032019576,
    "6mwt-perc_not_moving": 2.500000000000002,
    "6mwt-large_turns_per_min": 1.333481497944216
    }
}
