{
    "6mwt": {
      "6mwt-distance_walked": 467.22809724509716,
      "6mwt-distance_walked_sc_hbsl": 439.807,
      "6mwt-walking_speed_non_stop-mean": 1.3014680139409838,
      "6mwt-lee_ab-sc": 608,
      "6mwt-lee_ab-step_dur-mean": 0.5724834437086093,
      "6mwt-lee_ab-step_dur-std": 0.16733534930916333,
      "6mwt-lee_ab-step_dur-median": 0.56,
      "6mwt-lee_ab-step_dur-min": 0.2,
      "6mwt-lee_ab-step_dur-max": 2.96,
      "6mwt-lee_lb-sc": 375,
      "6mwt-lee_lb-step_dur-mean": 0.5932085561497327,
      "6mwt-lee_lb-step_dur-std": 0.15861962977741667,
      "6mwt-lee_lb-step_dur-median": 0.56,
      "6mwt-lee_lb-step_dur-min": 0.2,
      "6mwt-lee_lb-step_dur-max": 2.12,
      "6mwt-lee_2min-sc": 222,
      "6mwt-lee_2min-step_dur-mean": 0.5356363636363638,
      "6mwt-lee_2min-step_dur-std": 0.17240457501015852,
      "6mwt-lee_2min-step_dur-median": 0.54,
      "6mwt-lee_2min-step_dur-min": 0.32,
      "6mwt-lee_2min-step_dur-max": 2.96,
      "6mwt-lee_nb-sc": 615,
      "6mwt-lee_nb-step_dur-mean": 0.5852768729641694,
      "6mwt-lee_nb-step_dur-std": 0.3214884401971831,
      "6mwt-lee_nb-step_dur-median": 0.56,
      "6mwt-lee_nb-step_dur-min": 0.16,
      "6mwt-lee_nb-step_dur-max": 5.880000000000001,
      "6mwt-gp_ab-stride_dur-mean": 1.104,
      "6mwt-gp_ab-stride_dur-std": 0.073,
      "6mwt-gp_ab-stride_dur-median": 1.06,
      "6mwt-gp_ab-stride_dur-min": 1.0,
      "6mwt-gp_ab-stride_dur-max": 1.46,
      "6mwt-gp_ab-stride_dur_asym-mean": 0.018,
      "6mwt-gp_ab-stride_dur_asym-std": 0.018,
      "6mwt-gp_ab-stride_dur_asym-median": 0.02,
      "6mwt-gp_ab-stride_dur_asym-min": 0.0,
      "6mwt-gp_ab-stride_dur_asym-max": 0.2,
      "6mwt-gp_ab-step_dur-mean": 0.552,
      "6mwt-gp_ab-step_dur-std": 0.041,
      "6mwt-gp_ab-step_dur-median": 0.54,
      "6mwt-gp_ab-step_dur-min": 0.48,
      "6mwt-gp_ab-step_dur-max": 0.8,
      "6mwt-gp_ab-step_dur_asym-mean": 0.029,
      "6mwt-gp_ab-step_dur_asym-std": 0.021,
      "6mwt-gp_ab-step_dur_asym-median": 0.02,
      "6mwt-gp_ab-step_dur_asym-min": 0.0,
      "6mwt-gp_ab-step_dur_asym-max": 0.14,
      "6mwt-gp_ab-cadence-mean": 109.222,
      "6mwt-gp_ab-cadence-std": 7.824,
      "6mwt-gp_ab-cadence-median": 111.111,
      "6mwt-gp_ab-cadence-min": 75.0,
      "6mwt-gp_ab-cadence-max": 125.0,
      "6mwt-gp_ab-init_double_supp-mean": 0.134,
      "6mwt-gp_ab-init_double_supp-std": 0.014,
      "6mwt-gp_ab-init_double_supp-median": 0.14,
      "6mwt-gp_ab-init_double_supp-min": 0.1,
      "6mwt-gp_ab-init_double_supp-max": 0.18,
      "6mwt-gp_ab-init_double_supp_asym-mean": 0.012,
      "6mwt-gp_ab-init_double_supp_asym-std": 0.012,
      "6mwt-gp_ab-init_double_supp_asym-median": 0.02,
      "6mwt-gp_ab-init_double_supp_asym-min": 0.0,
      "6mwt-gp_ab-init_double_supp_asym-max": 0.06,
      "6mwt-gp_ab-term_double_supp-mean": 0.134,
      "6mwt-gp_ab-term_double_supp-std": 0.013,
      "6mwt-gp_ab-term_double_supp-median": 0.14,
      "6mwt-gp_ab-term_double_supp-min": 0.1,
      "6mwt-gp_ab-term_double_supp-max": 0.18,
      "6mwt-gp_ab-term_double_supp_asym-mean": 0.012,
      "6mwt-gp_ab-term_double_supp_asym-std": 0.012,
      "6mwt-gp_ab-term_double_supp_asym-median": 0.02,
      "6mwt-gp_ab-term_double_supp_asym-min": 0.0,
      "6mwt-gp_ab-term_double_supp_asym-max": 0.06,
      "6mwt-gp_ab-double_supp-mean": 0.267,
      "6mwt-gp_ab-double_supp-std": 0.021,
      "6mwt-gp_ab-double_supp-median": 0.26,
      "6mwt-gp_ab-double_supp-min": 0.22,
      "6mwt-gp_ab-double_supp-max": 0.34,
      "6mwt-gp_ab-double_supp_asym-mean": 0.01,
      "6mwt-gp_ab-double_supp_asym-std": 0.011,
      "6mwt-gp_ab-double_supp_asym-median": 0.0,
      "6mwt-gp_ab-double_supp_asym-min": 0.0,
      "6mwt-gp_ab-double_supp_asym-max": 0.04,
      "6mwt-gp_ab-single_limb_supp-mean": 0.418,
      "6mwt-gp_ab-single_limb_supp-std": 0.032,
      "6mwt-gp_ab-single_limb_supp-median": 0.42,
      "6mwt-gp_ab-single_limb_supp-min": 0.36,
      "6mwt-gp_ab-single_limb_supp-max": 0.52,
      "6mwt-gp_ab-single_limb_supp_asym-mean": 0.021,
      "6mwt-gp_ab-single_limb_supp_asym-std": 0.017,
      "6mwt-gp_ab-single_limb_supp_asym-median": 0.02,
      "6mwt-gp_ab-single_limb_supp_asym-min": 0.0,
      "6mwt-gp_ab-single_limb_supp_asym-max": 0.1,
      "6mwt-gp_ab-stance-mean": 0.686,
      "6mwt-gp_ab-stance-std": 0.048,
      "6mwt-gp_ab-stance-median": 0.66,
      "6mwt-gp_ab-stance-min": 0.6,
      "6mwt-gp_ab-stance-max": 0.96,
      "6mwt-gp_ab-stance_asym-mean": 0.024,
      "6mwt-gp_ab-stance_asym-std": 0.02,
      "6mwt-gp_ab-stance_asym-median": 0.02,
      "6mwt-gp_ab-stance_asym-min": 0.0,
      "6mwt-gp_ab-stance_asym-max": 0.14,
      "6mwt-gp_ab-swing-mean": 0.418,
      "6mwt-gp_ab-swing-std": 0.031,
      "6mwt-gp_ab-swing-median": 0.42,
      "6mwt-gp_ab-swing-min": 0.36,
      "6mwt-gp_ab-swing-max": 0.52,
      "6mwt-gp_ab-swing_asym-mean": 0.021,
      "6mwt-gp_ab-swing_asym-std": 0.017,
      "6mwt-gp_ab-swing_asym-median": 0.02,
      "6mwt-gp_ab-swing_asym-min": 0.0,
      "6mwt-gp_ab-swing_asym-max": 0.1,
      "6mwt-gp_ab-sc": 580,
      "6mwt-gp_lb-stride_dur-mean": 1.192,
      "6mwt-gp_lb-stride_dur-std": 0.042,
      "6mwt-gp_lb-stride_dur-median": 1.2,
      "6mwt-gp_lb-stride_dur-min": 1.1,
      "6mwt-gp_lb-stride_dur-max": 1.46,
      "6mwt-gp_lb-stride_dur_asym-mean": 0.026,
      "6mwt-gp_lb-stride_dur_asym-std": 0.023,
      "6mwt-gp_lb-stride_dur_asym-median": 0.02,
      "6mwt-gp_lb-stride_dur_asym-min": 0.0,
      "6mwt-gp_lb-stride_dur_asym-max": 0.2,
      "6mwt-gp_lb-step_dur-mean": 0.597,
      "6mwt-gp_lb-step_dur-std": 0.03,
      "6mwt-gp_lb-step_dur-median": 0.6,
      "6mwt-gp_lb-step_dur-min": 0.54,
      "6mwt-gp_lb-step_dur-max": 0.8,
      "6mwt-gp_lb-step_dur_asym-mean": 0.028,
      "6mwt-gp_lb-step_dur_asym-std": 0.025,
      "6mwt-gp_lb-step_dur_asym-median": 0.02,
      "6mwt-gp_lb-step_dur_asym-min": 0.0,
      "6mwt-gp_lb-step_dur_asym-max": 0.14,
      "6mwt-gp_lb-cadence-mean": 100.813,
      "6mwt-gp_lb-cadence-std": 4.775,
      "6mwt-gp_lb-cadence-median": 100.0,
      "6mwt-gp_lb-cadence-min": 75.0,
      "6mwt-gp_lb-cadence-max": 111.111,
      "6mwt-gp_lb-init_double_supp-mean": 0.144,
      "6mwt-gp_lb-init_double_supp-std": 0.012,
      "6mwt-gp_lb-init_double_supp-median": 0.14,
      "6mwt-gp_lb-init_double_supp-min": 0.12,
      "6mwt-gp_lb-init_double_supp-max": 0.18,
      "6mwt-gp_lb-init_double_supp_asym-mean": 0.013,
      "6mwt-gp_lb-init_double_supp_asym-std": 0.013,
      "6mwt-gp_lb-init_double_supp_asym-median": 0.02,
      "6mwt-gp_lb-init_double_supp_asym-min": 0.0,
      "6mwt-gp_lb-init_double_supp_asym-max": 0.04,
      "6mwt-gp_lb-term_double_supp-mean": 0.144,
      "6mwt-gp_lb-term_double_supp-std": 0.012,
      "6mwt-gp_lb-term_double_supp-median": 0.14,
      "6mwt-gp_lb-term_double_supp-min": 0.12,
      "6mwt-gp_lb-term_double_supp-max": 0.18,
      "6mwt-gp_lb-term_double_supp_asym-mean": 0.013,
      "6mwt-gp_lb-term_double_supp_asym-std": 0.013,
      "6mwt-gp_lb-term_double_supp_asym-median": 0.02,
      "6mwt-gp_lb-term_double_supp_asym-min": 0.0,
      "6mwt-gp_lb-term_double_supp_asym-max": 0.04,
      "6mwt-gp_lb-double_supp-mean": 0.287,
      "6mwt-gp_lb-double_supp-std": 0.016,
      "6mwt-gp_lb-double_supp-median": 0.28,
      "6mwt-gp_lb-double_supp-min": 0.24,
      "6mwt-gp_lb-double_supp-max": 0.34,
      "6mwt-gp_lb-double_supp_asym-mean": 0.011,
      "6mwt-gp_lb-double_supp_asym-std": 0.012,
      "6mwt-gp_lb-double_supp_asym-median": 0.02,
      "6mwt-gp_lb-double_supp_asym-min": 0.0,
      "6mwt-gp_lb-double_supp_asym-max": 0.04,
      "6mwt-gp_lb-single_limb_supp-mean": 0.452,
      "6mwt-gp_lb-single_limb_supp-std": 0.021,
      "6mwt-gp_lb-single_limb_supp-median": 0.46,
      "6mwt-gp_lb-single_limb_supp-min": 0.38,
      "6mwt-gp_lb-single_limb_supp-max": 0.52,
      "6mwt-gp_lb-single_limb_supp_asym-mean": 0.022,
      "6mwt-gp_lb-single_limb_supp_asym-std": 0.019,
      "6mwt-gp_lb-single_limb_supp_asym-median": 0.02,
      "6mwt-gp_lb-single_limb_supp_asym-min": 0.0,
      "6mwt-gp_lb-single_limb_supp_asym-max": 0.1,
      "6mwt-gp_lb-stance-mean": 0.74,
      "6mwt-gp_lb-stance-std": 0.032,
      "6mwt-gp_lb-stance-median": 0.74,
      "6mwt-gp_lb-stance-min": 0.66,
      "6mwt-gp_lb-stance-max": 0.96,
      "6mwt-gp_lb-stance_asym-mean": 0.026,
      "6mwt-gp_lb-stance_asym-std": 0.024,
      "6mwt-gp_lb-stance_asym-median": 0.02,
      "6mwt-gp_lb-stance_asym-min": 0.0,
      "6mwt-gp_lb-stance_asym-max": 0.14,
      "6mwt-gp_lb-swing-mean": 0.452,
      "6mwt-gp_lb-swing-std": 0.021,
      "6mwt-gp_lb-swing-median": 0.46,
      "6mwt-gp_lb-swing-min": 0.38,
      "6mwt-gp_lb-swing-max": 0.52,
      "6mwt-gp_lb-swing_asym-mean": 0.021,
      "6mwt-gp_lb-swing_asym-std": 0.019,
      "6mwt-gp_lb-swing_asym-median": 0.02,
      "6mwt-gp_lb-swing_asym-min": 0.0,
      "6mwt-gp_lb-swing_asym-max": 0.1,
      "6mwt-gp_lb-sc": 211,
      "6mwt-gp_2min-stride_dur-mean": 1.048,
      "6mwt-gp_2min-stride_dur-std": 0.018,
      "6mwt-gp_2min-stride_dur-median": 1.04,
      "6mwt-gp_2min-stride_dur-min": 1.0,
      "6mwt-gp_2min-stride_dur-max": 1.08,
      "6mwt-gp_2min-stride_dur_asym-mean": 0.012,
      "6mwt-gp_2min-stride_dur_asym-std": 0.012,
      "6mwt-gp_2min-stride_dur_asym-median": 0.02,
      "6mwt-gp_2min-stride_dur_asym-min": 0.0,
      "6mwt-gp_2min-stride_dur_asym-max": 0.04,
      "6mwt-gp_2min-step_dur-mean": 0.524,
      "6mwt-gp_2min-step_dur-std": 0.021,
      "6mwt-gp_2min-step_dur-median": 0.52,
      "6mwt-gp_2min-step_dur-min": 0.48,
      "6mwt-gp_2min-step_dur-max": 0.56,
      "6mwt-gp_2min-step_dur_asym-mean": 0.034,
      "6mwt-gp_2min-step_dur_asym-std": 0.018,
      "6mwt-gp_2min-step_dur_asym-median": 0.04,
      "6mwt-gp_2min-step_dur_asym-min": 0.0,
      "6mwt-gp_2min-step_dur_asym-max": 0.08,
      "6mwt-gp_2min-cadence-mean": 114.727,
      "6mwt-gp_2min-cadence-std": 4.601,
      "6mwt-gp_2min-cadence-median": 115.385,
      "6mwt-gp_2min-cadence-min": 107.143,
      "6mwt-gp_2min-cadence-max": 125.0,
      "6mwt-gp_2min-init_double_supp-mean": 0.128,
      "6mwt-gp_2min-init_double_supp-std": 0.01,
      "6mwt-gp_2min-init_double_supp-median": 0.12,
      "6mwt-gp_2min-init_double_supp-min": 0.12,
      "6mwt-gp_2min-init_double_supp-max": 0.14,
      "6mwt-gp_2min-init_double_supp_asym-mean": 0.01,
      "6mwt-gp_2min-init_double_supp_asym-std": 0.01,
      "6mwt-gp_2min-init_double_supp_asym-median": 0.02,
      "6mwt-gp_2min-init_double_supp_asym-min": 0.0,
      "6mwt-gp_2min-init_double_supp_asym-max": 0.02,
      "6mwt-gp_2min-term_double_supp-mean": 0.128,
      "6mwt-gp_2min-term_double_supp-std": 0.01,
      "6mwt-gp_2min-term_double_supp-median": 0.12,
      "6mwt-gp_2min-term_double_supp-min": 0.12,
      "6mwt-gp_2min-term_double_supp-max": 0.14,
      "6mwt-gp_2min-term_double_supp_asym-mean": 0.01,
      "6mwt-gp_2min-term_double_supp_asym-std": 0.01,
      "6mwt-gp_2min-term_double_supp_asym-median": 0.02,
      "6mwt-gp_2min-term_double_supp_asym-min": 0.0,
      "6mwt-gp_2min-term_double_supp_asym-max": 0.02,
      "6mwt-gp_2min-double_supp-mean": 0.255,
      "6mwt-gp_2min-double_supp-std": 0.013,
      "6mwt-gp_2min-double_supp-median": 0.26,
      "6mwt-gp_2min-double_supp-min": 0.24,
      "6mwt-gp_2min-double_supp-max": 0.28,
      "6mwt-gp_2min-double_supp_asym-mean": 0.008,
      "6mwt-gp_2min-double_supp_asym-std": 0.01,
      "6mwt-gp_2min-double_supp_asym-median": 0.0,
      "6mwt-gp_2min-double_supp_asym-min": 0.0,
      "6mwt-gp_2min-double_supp_asym-max": 0.02,
      "6mwt-gp_2min-single_limb_supp-mean": 0.396,
      "6mwt-gp_2min-single_limb_supp-std": 0.017,
      "6mwt-gp_2min-single_limb_supp-median": 0.4,
      "6mwt-gp_2min-single_limb_supp-min": 0.36,
      "6mwt-gp_2min-single_limb_supp-max": 0.44,
      "6mwt-gp_2min-single_limb_supp_asym-mean": 0.026,
      "6mwt-gp_2min-single_limb_supp_asym-std": 0.016,
      "6mwt-gp_2min-single_limb_supp_asym-median": 0.02,
      "6mwt-gp_2min-single_limb_supp_asym-min": 0.0,
      "6mwt-gp_2min-single_limb_supp_asym-max": 0.08,
      "6mwt-gp_2min-stance-mean": 0.652,
      "6mwt-gp_2min-stance-std": 0.02,
      "6mwt-gp_2min-stance-median": 0.64,
      "6mwt-gp_2min-stance-min": 0.6,
      "6mwt-gp_2min-stance-max": 0.7,
      "6mwt-gp_2min-stance_asym-mean": 0.026,
      "6mwt-gp_2min-stance_asym-std": 0.017,
      "6mwt-gp_2min-stance_asym-median": 0.02,
      "6mwt-gp_2min-stance_asym-min": 0.0,
      "6mwt-gp_2min-stance_asym-max": 0.08,
      "6mwt-gp_2min-swing-mean": 0.396,
      "6mwt-gp_2min-swing-std": 0.017,
      "6mwt-gp_2min-swing-median": 0.4,
      "6mwt-gp_2min-swing-min": 0.36,
      "6mwt-gp_2min-swing-max": 0.44,
      "6mwt-gp_2min-swing_asym-mean": 0.026,
      "6mwt-gp_2min-swing_asym-std": 0.016,
      "6mwt-gp_2min-swing_asym-median": 0.02,
      "6mwt-gp_2min-swing_asym-min": 0.0,
      "6mwt-gp_2min-swing_asym-max": 0.08,
      "6mwt-gp_2min-sc": 201,
      "6mwt-gp_nb-stride_dur-mean": 1.119,
      "6mwt-gp_nb-stride_dur-std": 0.114,
      "6mwt-gp_nb-stride_dur-median": 1.08,
      "6mwt-gp_nb-stride_dur-min": 0.98,
      "6mwt-gp_nb-stride_dur-max": 2.08,
      "6mwt-gp_nb-stride_dur_asym-mean": 0.028,
      "6mwt-gp_nb-stride_dur_asym-std": 0.066,
      "6mwt-gp_nb-stride_dur_asym-median": 0.02,
      "6mwt-gp_nb-stride_dur_asym-min": 0.0,
      "6mwt-gp_nb-stride_dur_asym-max": 0.78,
      "6mwt-gp_nb-step_dur-mean": 0.56,
      "6mwt-gp_nb-step_dur-std": 0.072,
      "6mwt-gp_nb-step_dur-median": 0.54,
      "6mwt-gp_nb-step_dur-min": 0.4,
      "6mwt-gp_nb-step_dur-max": 1.4,
      "6mwt-gp_nb-step_dur_asym-mean": 0.038,
      "6mwt-gp_nb-step_dur_asym-std": 0.064,
      "6mwt-gp_nb-step_dur_asym-median": 0.02,
      "6mwt-gp_nb-step_dur_asym-min": 0.0,
      "6mwt-gp_nb-step_dur_asym-max": 0.84,
      "6mwt-gp_nb-cadence-mean": 108.364,
      "6mwt-gp_nb-cadence-std": 10.028,
      "6mwt-gp_nb-cadence-median": 111.111,
      "6mwt-gp_nb-cadence-min": 42.857,
      "6mwt-gp_nb-cadence-max": 150.0,
      "6mwt-gp_nb-init_double_supp-mean": 0.135,
      "6mwt-gp_nb-init_double_supp-std": 0.019,
      "6mwt-gp_nb-init_double_supp-median": 0.14,
      "6mwt-gp_nb-init_double_supp-min": 0.1,
      "6mwt-gp_nb-init_double_supp-max": 0.36,
      "6mwt-gp_nb-init_double_supp_asym-mean": 0.014,
      "6mwt-gp_nb-init_double_supp_asym-std": 0.02,
      "6mwt-gp_nb-init_double_supp_asym-median": 0.02,
      "6mwt-gp_nb-init_double_supp_asym-min": 0.0,
      "6mwt-gp_nb-init_double_supp_asym-max": 0.26,
      "6mwt-gp_nb-term_double_supp-mean": 0.131,
      "6mwt-gp_nb-term_double_supp-std": 0.052,
      "6mwt-gp_nb-term_double_supp-median": 0.14,
      "6mwt-gp_nb-term_double_supp-min": -0.52,
      "6mwt-gp_nb-term_double_supp-max": 0.44,
      "6mwt-gp_nb-term_double_supp_asym-mean": 0.02,
      "6mwt-gp_nb-term_double_supp_asym-std": 0.065,
      "6mwt-gp_nb-term_double_supp_asym-median": 0.02,
      "6mwt-gp_nb-term_double_supp_asym-min": 0.0,
      "6mwt-gp_nb-term_double_supp_asym-max": 0.76,
      "6mwt-gp_nb-double_supp-mean": 0.266,
      "6mwt-gp_nb-double_supp-std": 0.052,
      "6mwt-gp_nb-double_supp-median": 0.26,
      "6mwt-gp_nb-double_supp-min": -0.32,
      "6mwt-gp_nb-double_supp-max": 0.56,
      "6mwt-gp_nb-double_supp_asym-mean": 0.017,
      "6mwt-gp_nb-double_supp_asym-std": 0.06,
      "6mwt-gp_nb-double_supp_asym-median": 0.0,
      "6mwt-gp_nb-double_supp_asym-min": 0.0,
      "6mwt-gp_nb-double_supp_asym-max": 0.72,
      "6mwt-gp_nb-single_limb_supp-mean": 0.436,
      "6mwt-gp_nb-single_limb_supp-std": 0.164,
      "6mwt-gp_nb-single_limb_supp-median": 0.42,
      "6mwt-gp_nb-single_limb_supp-min": 0.3,
      "6mwt-gp_nb-single_limb_supp-max": 3.44,
      "6mwt-gp_nb-single_limb_supp_asym-mean": 0.037,
      "6mwt-gp_nb-single_limb_supp_asym-std": 0.139,
      "6mwt-gp_nb-single_limb_supp_asym-median": 0.02,
      "6mwt-gp_nb-single_limb_supp_asym-min": 0.0,
      "6mwt-gp_nb-single_limb_supp_asym-max": 2.48,
      "6mwt-gp_nb-stance-mean": 0.691,
      "6mwt-gp_nb-stance-std": 0.063,
      "6mwt-gp_nb-stance-median": 0.68,
      "6mwt-gp_nb-stance-min": 0.54,
      "6mwt-gp_nb-stance-max": 1.12,
      "6mwt-gp_nb-stance_asym-mean": 0.031,
      "6mwt-gp_nb-stance_asym-std": 0.051,
      "6mwt-gp_nb-stance_asym-median": 0.02,
      "6mwt-gp_nb-stance_asym-min": 0.0,
      "6mwt-gp_nb-stance_asym-max": 0.54,
      "6mwt-gp_nb-swing-mean": 0.427,
      "6mwt-gp_nb-swing-std": 0.077,
      "6mwt-gp_nb-swing-median": 0.42,
      "6mwt-gp_nb-swing-min": 0.3,
      "6mwt-gp_nb-swing-max": 1.34,
      "6mwt-gp_nb-swing_asym-mean": 0.03,
      "6mwt-gp_nb-swing_asym-std": 0.065,
      "6mwt-gp_nb-swing_asym-median": 0.02,
      "6mwt-gp_nb-swing_asym-min": 0.0,
      "6mwt-gp_nb-swing_asym-max": 1.04,
      "6mwt-gp_2min-stride_dur-q95": 1.08,
      "6mwt-gp_2min-stride_dur_asym-q95": 0.02,
      "6mwt-gp_2min-step_dur-q95": 0.56,
      "6mwt-gp_2min-step_dur_asym-q95": 0.06,
      "6mwt-gp_2min-cadence-q95": 120.0,
      "6mwt-gp_2min-init_double_supp-q95": 0.14,
      "6mwt-gp_2min-init_double_supp_asym-q95": 0.02,
      "6mwt-gp_2min-term_double_supp-q95": 0.14,
      "6mwt-gp_2min-term_double_supp_asym-q95": 0.02,
      "6mwt-gp_2min-double_supp-q95": 0.28,
      "6mwt-gp_2min-double_supp_asym-q95": 0.02,
      "6mwt-gp_2min-single_limb_supp-q95": 0.42,
      "6mwt-gp_2min-single_limb_supp_asym-q95": 0.045,
      "6mwt-gp_2min-stance-q95": 0.68,
      "6mwt-gp_2min-stance_asym-q95": 0.06,
      "6mwt-gp_2min-swing-q95": 0.42,
      "6mwt-gp_2min-swing_asym-q95": 0.043,
      "6mwt-gp_lb-stride_dur-q95": 1.26,
      "6mwt-gp_lb-stride_dur_asym-q95": 0.06,
      "6mwt-gp_lb-step_dur-q95": 0.64,
      "6mwt-gp_lb-step_dur_asym-q95": 0.073,
      "6mwt-gp_lb-cadence-q95": 107.143,
      "6mwt-gp_lb-init_double_supp-q95": 0.16,
      "6mwt-gp_lb-init_double_supp_asym-q95": 0.04,
      "6mwt-gp_lb-term_double_supp-q95": 0.16,
      "6mwt-gp_lb-term_double_supp_asym-q95": 0.04,
      "6mwt-gp_lb-double_supp-q95": 0.32,
      "6mwt-gp_lb-double_supp_asym-q95": 0.04,
      "6mwt-gp_lb-single_limb_supp-q95": 0.48,
      "6mwt-gp_lb-single_limb_supp_asym-q95": 0.06,
      "6mwt-gp_lb-stance-q95": 0.792,
      "6mwt-gp_lb-stance_asym-q95": 0.073,
      "6mwt-gp_lb-swing-q95": 0.48,
      "6mwt-gp_lb-swing_asym-q95": 0.06,
      "6mwt-gp_ab-stride_dur-q95": 1.22,
      "6mwt-gp_ab-stride_dur_asym-q95": 0.04,
      "6mwt-gp_ab-step_dur-q95": 0.62,
      "6mwt-gp_ab-step_dur_asym-q95": 0.06,
      "6mwt-gp_ab-cadence-q95": 120.0,
      "6mwt-gp_ab-init_double_supp-q95": 0.16,
      "6mwt-gp_ab-init_double_supp_asym-q95": 0.02,
      "6mwt-gp_ab-term_double_supp-q95": 0.16,
      "6mwt-gp_ab-term_double_supp_asym-q95": 0.02,
      "6mwt-gp_ab-double_supp-q95": 0.3,
      "6mwt-gp_ab-double_supp_asym-q95": 0.02,
      "6mwt-gp_ab-single_limb_supp-q95": 0.48,
      "6mwt-gp_ab-single_limb_supp_asym-q95": 0.04,
      "6mwt-gp_ab-stance-q95": 0.76,
      "6mwt-gp_ab-stance_asym-q95": 0.06,
      "6mwt-gp_ab-swing-q95": 0.48,
      "6mwt-gp_ab-swing_asym-q95": 0.04,
      "6mwt-gp_nb-stride_dur-q95": 1.26,
      "6mwt-gp_nb-stride_dur_asym-q95": 0.06,
      "6mwt-gp_nb-step_dur-q95": 0.62,
      "6mwt-gp_nb-step_dur_asym-q95": 0.08,
      "6mwt-gp_nb-cadence-q95": 120.0,
      "6mwt-gp_nb-init_double_supp-q95": 0.16,
      "6mwt-gp_nb-init_double_supp_asym-q95": 0.04,
      "6mwt-gp_nb-term_double_supp-q95": 0.16,
      "6mwt-gp_nb-term_double_supp_asym-q95": 0.04,
      "6mwt-gp_nb-double_supp-q95": 0.3,
      "6mwt-gp_nb-double_supp_asym-q95": 0.04,
      "6mwt-gp_nb-single_limb_supp-q95": 0.48,
      "6mwt-gp_nb-single_limb_supp_asym-q95": 0.062,
      "6mwt-gp_nb-stance-q95": 0.78,
      "6mwt-gp_nb-stance_asym-q95": 0.08,
      "6mwt-gp_nb-swing-q95": 0.48,
      "6mwt-gp_nb-swing_asym-q95": 0.06,
      "6mwt-gp_2min-stride_dur-cv": 0.017,
      "6mwt-gp_2min-stride_dur_asym-cv": 0.969,
      "6mwt-gp_2min-step_dur-cv": 0.04,
      "6mwt-gp_2min-step_dur_asym-cv": 0.541,
      "6mwt-gp_2min-cadence-cv": 0.04,
      "6mwt-gp_2min-init_double_supp-cv": 0.076,
      "6mwt-gp_2min-init_double_supp_asym-cv": 0.982,
      "6mwt-gp_2min-term_double_supp-cv": 0.076,
      "6mwt-gp_2min-term_double_supp_asym-cv": 0.982,
      "6mwt-gp_2min-double_supp-cv": 0.052,
      "6mwt-gp_2min-double_supp_asym-cv": 1.243,
      "6mwt-gp_2min-single_limb_supp-cv": 0.044,
      "6mwt-gp_2min-single_limb_supp_asym-cv": 0.608,
      "6mwt-gp_2min-stance-cv": 0.03,
      "6mwt-gp_2min-stance_asym-cv": 0.631,
      "6mwt-gp_2min-swing-cv": 0.044,
      "6mwt-gp_2min-swing_asym-cv": 0.606,
      "6mwt-gp_lb-stride_dur-cv": 0.035,
      "6mwt-gp_lb-stride_dur_asym-cv": 0.882,
      "6mwt-gp_lb-step_dur-cv": 0.05,
      "6mwt-gp_lb-step_dur_asym-cv": 0.869,
      "6mwt-gp_lb-cadence-cv": 0.047,
      "6mwt-gp_lb-init_double_supp-cv": 0.086,
      "6mwt-gp_lb-init_double_supp_asym-cv": 0.951,
      "6mwt-gp_lb-term_double_supp-cv": 0.084,
      "6mwt-gp_lb-term_double_supp_asym-cv": 0.96,
      "6mwt-gp_lb-double_supp-cv": 0.057,
      "6mwt-gp_lb-double_supp_asym-cv": 1.079,
      "6mwt-gp_lb-single_limb_supp-cv": 0.047,
      "6mwt-gp_lb-single_limb_supp_asym-cv": 0.884,
      "6mwt-gp_lb-stance-cv": 0.044,
      "6mwt-gp_lb-stance_asym-cv": 0.902,
      "6mwt-gp_lb-swing-cv": 0.047,
      "6mwt-gp_lb-swing_asym-cv": 0.889,
      "6mwt-gp_ab-stride_dur-cv": 0.066,
      "6mwt-gp_ab-stride_dur_asym-cv": 1.045,
      "6mwt-gp_ab-step_dur-cv": 0.075,
      "6mwt-gp_ab-step_dur_asym-cv": 0.735,
      "6mwt-gp_ab-cadence-cv": 0.072,
      "6mwt-gp_ab-init_double_supp-cv": 0.102,
      "6mwt-gp_ab-init_double_supp_asym-cv": 0.958,
      "6mwt-gp_ab-term_double_supp-cv": 0.101,
      "6mwt-gp_ab-term_double_supp_asym-cv": 0.965,
      "6mwt-gp_ab-double_supp-cv": 0.079,
      "6mwt-gp_ab-double_supp_asym-cv": 1.12,
      "6mwt-gp_ab-single_limb_supp-cv": 0.075,
      "6mwt-gp_ab-single_limb_supp_asym-cv": 0.82,
      "6mwt-gp_ab-stance-cv": 0.07,
      "6mwt-gp_ab-stance_asym-cv": 0.83,
      "6mwt-gp_ab-swing-cv": 0.075,
      "6mwt-gp_ab-swing_asym-cv": 0.818,
      "6mwt-gp_nb-stride_dur-cv": 0.102,
      "6mwt-gp_nb-stride_dur_asym-cv": 2.387,
      "6mwt-gp_nb-step_dur-cv": 0.129,
      "6mwt-gp_nb-step_dur_asym-cv": 1.673,
      "6mwt-gp_nb-cadence-cv": 0.093,
      "6mwt-gp_nb-init_double_supp-cv": 0.138,
      "6mwt-gp_nb-init_double_supp_asym-cv": 1.361,
      "6mwt-gp_nb-term_double_supp-cv": 0.399,
      "6mwt-gp_nb-term_double_supp_asym-cv": 3.26,
      "6mwt-gp_nb-double_supp-cv": 0.194,
      "6mwt-gp_nb-double_supp_asym-cv": 3.505,
      "6mwt-gp_nb-single_limb_supp-cv": 0.376,
      "6mwt-gp_nb-single_limb_supp_asym-cv": 3.805,
      "6mwt-gp_nb-stance-cv": 0.091,
      "6mwt-gp_nb-stance_asym-cv": 1.622,
      "6mwt-gp_nb-swing-cv": 0.179,
      "6mwt-gp_nb-swing_asym-cv": 2.155,
      "6mwt-gp_2min-sp-mean": 8.97730531198307,
      "6mwt-gp_2min-sp-std": 2.6531650048374167,
      "6mwt-gp_2min-sp-median": 8.476116943846849,
      "6mwt-gp_2min-sp-min": 4.426288853706637,
      "6mwt-gp_2min-sp-max": 20.832160934640477,
      "6mwt-gp_2min-sp-q95": 13.343504427834922,
      "6mwt-gp_lb-sp-mean": 5.303996335498135,
      "6mwt-gp_lb-sp-std": 2.22975895076879,
      "6mwt-gp_lb-sp-median": 4.7214352347771396,
      "6mwt-gp_lb-sp-min": 1.3668789314108083,
      "6mwt-gp_lb-sp-max": 14.026145004229207,
      "6mwt-gp_lb-sp-q95": 10.114336093086145,
      "6mwt-gp_ab-sp-mean": 7.701519683672524,
      "6mwt-gp_ab-sp-std": 3.112696215650242,
      "6mwt-gp_ab-sp-median": 7.272992182564291,
      "6mwt-gp_ab-sp-min": 1.3668789314108083,
      "6mwt-gp_ab-sp-max": 20.832160934640477,
      "6mwt-gp_ab-sp-q95": 13.305605881427367,
      "6mwt-gp_nb-sp-mean": 7.464165402480393,
      "6mwt-gp_nb-sp-std": 3.3206698446719205,
      "6mwt-gp_nb-sp-median": 7.135256490613883,
      "6mwt-gp_nb-sp-min": 0.11647951633841874,
      "6mwt-gp_nb-sp-max": 20.832160934640477,
      "6mwt-gp_nb-sp-q95": 13.329180691825897,
      "6mwt-gp_2min-step_regularity-mean": 0.6083714535152877,
      "6mwt-gp_2min-step_regularity-std": 0.035488759860511115,
      "6mwt-gp_2min-step_regularity-median": 0.6159609584572813,
      "6mwt-gp_2min-step_regularity-min": 0.537554878546858,
      "6mwt-gp_2min-step_regularity-max": 0.6611995609898638,
      "6mwt-gp_2min-stride_regularity-mean": 0.8310293429615415,
      "6mwt-gp_2min-stride_regularity-std": 0.07084078084232388,
      "6mwt-gp_2min-stride_regularity-median": 0.8335748698077762,
      "6mwt-gp_2min-stride_regularity-min": 0.6885225593175532,
      "6mwt-gp_2min-stride_regularity-max": 0.975843161914525,
      "6mwt-gp_lb-step_regularity-mean": 0.510578421117502,
      "6mwt-gp_lb-step_regularity-std": 0.050015348640062664,
      "6mwt-gp_lb-step_regularity-median": 0.505670673015681,
      "6mwt-gp_lb-step_regularity-min": 0.42495151406779963,
      "6mwt-gp_lb-step_regularity-max": 0.6342968439219333,
      "6mwt-gp_lb-stride_regularity-mean": 0.6961735072116539,
      "6mwt-gp_lb-stride_regularity-std": 0.07265209297206267,
      "6mwt-gp_lb-stride_regularity-median": 0.6841207223448782,
      "6mwt-gp_lb-stride_regularity-min": 0.5495286081075256,
      "6mwt-gp_lb-stride_regularity-max": 0.8123182285996912,
      "6mwt-gp_ab-step_regularity-mean": 0.5685628510693639,
      "6mwt-gp_ab-step_regularity-std": 0.05859826179481763,
      "6mwt-gp_ab-step_regularity-median": 0.5846648663283853,
      "6mwt-gp_ab-step_regularity-min": 0.42495151406779963,
      "6mwt-gp_ab-step_regularity-max": 0.6611995609898638,
      "6mwt-gp_ab-stride_regularity-mean": 0.7782963078254873,
      "6mwt-gp_ab-stride_regularity-std": 0.0920164843119434,
      "6mwt-gp_ab-stride_regularity-median": 0.786637446173514,
      "6mwt-gp_ab-stride_regularity-min": 0.5495286081075256,
      "6mwt-gp_ab-stride_regularity-max": 0.975843161914525,
      "6mwt-gp_nb-step_regularity-mean": 0.551788365401031,
      "6mwt-gp_nb-step_regularity-std": 0.08640649472459772,
      "6mwt-gp_nb-step_regularity-median": 0.5733406679074062,
      "6mwt-gp_nb-step_regularity-min": 0.10572768987180522,
      "6mwt-gp_nb-step_regularity-max": 0.6611995609898638,
      "6mwt-gp_nb-stride_regularity-mean": 0.7403125749219044,
      "6mwt-gp_nb-stride_regularity-std": 0.15506237656372,
      "6mwt-gp_nb-stride_regularity-median": 0.7687428546531948,
      "6mwt-gp_nb-stride_regularity-min": 0.032739091082988246,
      "6mwt-gp_nb-stride_regularity-max": 0.975843161914525,
      "6mwt-gp_2min-si-mean": 3.213709480873111,
      "6mwt-gp_2min-si-std": 0.028175994066307285,
      "6mwt-gp_2min-si-median": 3.2117746587615894,
      "6mwt-gp_2min-si-min": 3.128517700116875,
      "6mwt-gp_2min-si-max": 3.296583421987109,
      "6mwt-gp_lb-si-mean": 3.185342611174929,
      "6mwt-gp_lb-si-std": 0.028582121573169438,
      "6mwt-gp_lb-si-median": 3.1837935263382366,
      "6mwt-gp_lb-si-min": 3.106650875859698,
      "6mwt-gp_lb-si-max": 3.2945232991446463,
      "6mwt-gp_ab-si-mean": 3.2004958767839913,
      "6mwt-gp_ab-si-std": 0.03269457160999727,
      "6mwt-gp_ab-si-median": 3.1997092685932014,
      "6mwt-gp_ab-si-min": 3.106650875859698,
      "6mwt-gp_ab-si-max": 3.3122769766880613,
      "6mwt-gp_nb-si-mean": 3.2004898569937192,
      "6mwt-gp_nb-si-std": 0.03862877169681029,
      "6mwt-gp_nb-si-median": 3.1985525299302053,
      "6mwt-gp_nb-si-min": 3.1065386076907564,
      "6mwt-gp_nb-si-max": 3.615956815464548,
      "6mwt-gp_nb-sc": 631
    }
}
