{
  "sbt": {
    "sbt-acc_sig_ene": 0.12501991363561857,
    "sbt-acc_ps_ene_x": 3.6122096604926054e-06,
    "sbt-acc_ps_ene_y": 7.148121215975126e-06,
    "sbt-acc_ps_ene_z": 2.510518202402935e-06,
    "sbt-acc_ps_peak_x": 6.640625,
    "sbt-acc_ps_peak_y": 0.5859375,
    "sbt-acc_ps_peak_z": 0.9765625,
    "sbt-acc_ps_ent_x": 5.3917386662773135,
    "sbt-acc_ps_ent_y": 5.320428650041896,
    "sbt-acc_ps_ent_z": 5.985671568363484,
    "sbt-acc_ps_amp_x": 8.035932200932067e-07,
    "sbt-acc_ps_amp_y": 9.528288948996979e-07,
    "sbt-acc_ps_amp_z": 5.171106847600948e-07,
    "sbt-coverage_valid": 1.0,
    "sbt-first5s-ca": 54.139478069907774,
    "sbt-first5s-ea": 19.095419364161813,
    "sbt-first5s-totex": 75.38057243709767,
    "sbt-first5s-jerk": 18.845143109274417,
    "sbt-after5s-ca": 24.197238221123538,
    "sbt-after5s-ea": 9.418385255555787,
    "sbt-after5s-totex": 265.9884357135648,
    "sbt-after5s-jerk": 11.082851488065199,
    "sbt-full-ca": 30.181302829840796,
    "sbt-full-ea": 11.361927727825599,
    "sbt-full-totex": 341.39874803002243,
    "sbt-full-jerk": 11.772370621724912
  },
  "utt": {
    "utt-all-ts-mean": 1.756835488355319,
    "utt-all-ts-std": 0.34555573317141236,
    "utt-all-ts-median": 1.8911830442063902,
    "utt-all-ts-min": 1.320902479159249,
    "utt-all-ts-max": 2.06528223506947,
    "utt-first5-ts-mean": 1.756835488355319,
    "utt-first5-ts-std": 0.34555573317141236,
    "utt-first5-ts-median": 1.8911830442063902,
    "utt-first5-ts-min": 1.320902479159249,
    "utt-first5-ts-max": 2.06528223506947,
    "utt-first4-ts-mean": 1.8658187406543367,
    "utt-first4-ts-std": 0.28289460539047817,
    "utt-first4-ts-median": 1.9699359383229846,
    "utt-first4-ts-min": 1.458120850901908,
    "utt-first4-ts-max": 2.06528223506947,
    "utt-2to4-ts-mean": 1.8048620433925893,
    "utt-2to4-ts-std": 0.3126495210170481,
    "utt-2to4-ts-median": 1.8911830442063902,
    "utt-2to4-ts-min": 1.458120850901908,
    "utt-2to4-ts-max": 2.06528223506947,
    "utt-2to4-turns": 3,
    "utt-all-mean_abs_turn_speed_x-mean": 1.7385032359631931,
    "utt-all-mean_abs_turn_speed_x-std": 0.32253060374601933,
    "utt-all-mean_abs_turn_speed_x-median": 1.87046512124974,
    "utt-all-mean_abs_turn_speed_x-min": 1.3447387219366873,
    "utt-all-mean_abs_turn_speed_x-max": 2.034329942857421,
    "utt-all-q95_abs_turn_speed_x-mean": 3.424844756828466,
    "utt-all-q95_abs_turn_speed_x-std": 0.3832955299411642,
    "utt-all-q95_abs_turn_speed_x-median": 3.29113934002015,
    "utt-all-q95_abs_turn_speed_x-min": 3.0785403307963475,
    "utt-all-q95_abs_turn_speed_x-max": 4.074566797307327,
    "utt-all-mean_abs_turn_speed_norm-mean": 1.807851992882896,
    "utt-all-mean_abs_turn_speed_norm-std": 0.30696182361494445,
    "utt-all-mean_abs_turn_speed_norm-median": 1.9409140854889753,
    "utt-all-mean_abs_turn_speed_norm-min": 1.4005719974094206,
    "utt-all-mean_abs_turn_speed_norm-max": 2.0895116779751195,
    "utt-all-q95_abs_turn_speed_norm-mean": 3.4392811310854383,
    "utt-all-q95_abs_turn_speed_norm-std": 0.37997841721881886,
    "utt-all-q95_abs_turn_speed_norm-median": 3.295734856790932,
    "utt-all-q95_abs_turn_speed_norm-min": 3.1126834065608926,
    "utt-all-q95_abs_turn_speed_norm-max": 4.087346303688075,
    "utt-first5-mean_abs_turn_speed_x-mean": 1.7385032359631931,
    "utt-first5-mean_abs_turn_speed_x-std": 0.32253060374601933,
    "utt-first5-mean_abs_turn_speed_x-median": 1.87046512124974,
    "utt-first5-mean_abs_turn_speed_x-min": 1.3447387219366873,
    "utt-first5-mean_abs_turn_speed_x-max": 2.034329942857421,
    "utt-first5-q95_abs_turn_speed_x-mean": 3.424844756828466,
    "utt-first5-q95_abs_turn_speed_x-std": 0.3832955299411642,
    "utt-first5-q95_abs_turn_speed_x-median": 3.29113934002015,
    "utt-first5-q95_abs_turn_speed_x-min": 3.0785403307963475,
    "utt-first5-q95_abs_turn_speed_x-max": 4.074566797307327,
    "utt-first5-mean_abs_turn_speed_norm-mean": 1.807851992882896,
    "utt-first5-mean_abs_turn_speed_norm-std": 0.30696182361494445,
    "utt-first5-mean_abs_turn_speed_norm-median": 1.9409140854889753,
    "utt-first5-mean_abs_turn_speed_norm-min": 1.4005719974094206,
    "utt-first5-mean_abs_turn_speed_norm-max": 2.0895116779751195,
    "utt-first5-q95_abs_turn_speed_norm-mean": 3.4392811310854383,
    "utt-first5-q95_abs_turn_speed_norm-std": 0.37997841721881886,
    "utt-first5-q95_abs_turn_speed_norm-median": 3.295734856790932,
    "utt-first5-q95_abs_turn_speed_norm-min": 3.1126834065608926,
    "utt-first5-q95_abs_turn_speed_norm-max": 4.087346303688075,
    "utt-first4-mean_abs_turn_speed_x-mean": 1.8369443644698198,
    "utt-first4-mean_abs_turn_speed_x-std": 0.27220754690610854,
    "utt-first4-mean_abs_turn_speed_x-median": 1.935417783223468,
    "utt-first4-mean_abs_turn_speed_x-min": 1.4426119485749223,
    "utt-first4-mean_abs_turn_speed_x-max": 2.034329942857421,
    "utt-first4-q95_abs_turn_speed_x-mean": 3.511420863336496,
    "utt-first4-q95_abs_turn_speed_x-std": 0.38199188853941113,
    "utt-first4-q95_abs_turn_speed_x-median": 3.3563655219956896,
    "utt-first4-q95_abs_turn_speed_x-min": 3.258385612047277,
    "utt-first4-q95_abs_turn_speed_x-max": 4.074566797307327,
    "utt-first4-mean_abs_turn_speed_norm-mean": 1.909671991751265,
    "utt-first4-mean_abs_turn_speed_norm-std": 0.237736549733072,
    "utt-first4-mean_abs_turn_speed_norm-median": 1.9918749402545832,
    "utt-first4-mean_abs_turn_speed_norm-min": 1.5654264085207743,
    "utt-first4-mean_abs_turn_speed_norm-max": 2.0895116779751195,
    "utt-first4-q95_abs_turn_speed_norm-mean": 3.5209305622165745,
    "utt-first4-q95_abs_turn_speed_norm-std": 0.3847950961779146,
    "utt-first4-q95_abs_turn_speed_norm-median": 3.3655223232392912,
    "utt-first4-q95_abs_turn_speed_norm-min": 3.2653312986996395,
    "utt-first4-q95_abs_turn_speed_norm-max": 4.087346303688075,
    "utt-2to4-mean_abs_turn_speed_x-mean": 1.7824690042273612,
    "utt-2to4-mean_abs_turn_speed_x-std": 0.3055160120970552,
    "utt-2to4-mean_abs_turn_speed_x-median": 1.87046512124974,
    "utt-2to4-mean_abs_turn_speed_x-min": 1.4426119485749223,
    "utt-2to4-mean_abs_turn_speed_x-max": 2.034329942857421,
    "utt-2to4-q95_abs_turn_speed_x-mean": 3.5413639164582515,
    "utt-2to4-q95_abs_turn_speed_x-std": 0.4620575567863221,
    "utt-2to4-q95_abs_turn_speed_x-median": 3.29113934002015,
    "utt-2to4-q95_abs_turn_speed_x-min": 3.258385612047277,
    "utt-2to4-q95_abs_turn_speed_x-max": 4.074566797307327,
    "utt-2to4-mean_abs_turn_speed_norm-mean": 1.8652840573282896,
    "utt-2to4-mean_abs_turn_speed_norm-std": 0.27010418042756756,
    "utt-2to4-mean_abs_turn_speed_norm-median": 1.9409140854889753,
    "utt-2to4-mean_abs_turn_speed_norm-min": 1.5654264085207743,
    "utt-2to4-mean_abs_turn_speed_norm-max": 2.0895116779751195,
    "utt-2to4-q95_abs_turn_speed_norm-mean": 3.5494708197262157,
    "utt-2to4-q95_abs_turn_speed_norm-std": 0.46606182129794327,
    "utt-2to4-q95_abs_turn_speed_norm-median": 3.295734856790932,
    "utt-2to4-q95_abs_turn_speed_norm-min": 3.2653312986996395,
    "utt-2to4-q95_abs_turn_speed_norm-max": 4.087346303688075,
    "utt-lee_nb-sc": 44,
    "utt-lee_nb-sp": 0.002646649702170678,
    "utt-lee_nb-step_dur-mean": 0.5479069767441862,
    "utt-lee_nb-step_dur-std": 0.34312678581049644,
    "utt-lee_nb-step_dur-median": 0.44,
    "utt-lee_nb-step_dur-min": 0.16,
    "utt-lee_nb-step_dur-max": 1.6,
    "utt-lee-ws": 1.76
  }
}
