{
  "sbt":
  {
    "sbt-acc_sig_ene": 0.0571396093868916,
    "sbt-acc_ps_ene_x": 1.9025918122283005e-06,
    "sbt-acc_ps_ene_y": 2.0324655620384094e-06,
    "sbt-acc_ps_ene_z": 2.5388860841763267e-06,
    "sbt-acc_ps_peak_x": 6.953125,
    "sbt-acc_ps_peak_y": 6.953125,
    "sbt-acc_ps_peak_z": 0.078125,
    "sbt-acc_ps_ent_x": 6.404516097062377,
    "sbt-acc_ps_ent_y": 6.645502810377904,
    "sbt-acc_ps_ent_z": 6.588853971497269,
    "sbt-acc_ps_amp_x": 1.9885803267724562e-07,
    "sbt-acc_ps_amp_y": 1.8420568377277454e-07,
    "sbt-acc_ps_amp_z": 2.4422782472631244e-07,
    "sbt-coverage_valid": 1.0,
    "sbt-first5s-ca": 20.33762378767901,
    "sbt-first5s-ea": 1.6201636401443993,
    "sbt-first5s-totex": 19.683420817865322,
    "sbt-first5s-jerk": 4.9208552044663305,
    "sbt-after5s-ca": 2.888851409291379,
    "sbt-after5s-ea": 1.160083771185272,
    "sbt-after5s-totex": 66.75404270053319,
    "sbt-after5s-jerk": 2.7814184458555493,
    "sbt-full-ca": 6.047724051106102,
    "sbt-full-ea": 1.442188092140884,
    "sbt-full-totex": 86.5492985930821,
    "sbt-full-jerk": 2.9844585721752446
  }
}
