{"utt":
        {
        "utt-all-ts-mean": 1.7093697486304655,
        "utt-all-ts-std": 0.3894208656344507,
        "utt-all-ts-median": 1.5382126976882113,
        "utt-all-ts-min": 1.4546256838497837,
        "utt-all-ts-max": 2.4756141685361372,
        "utt-first5-ts-mean": 1.5561208646493312,
        "utt-first5-ts-std": 0.11585167210007119,
        "utt-first5-ts-median": 1.5178693684758657,
        "utt-first5-ts-min": 1.4546256838497837,
        "utt-first5-ts-max": 1.752230211555013,
        "utt-first4-ts-mean": 1.555512074086525,
        "utt-first4-ts-std": 0.13376475269983298,
        "utt-first4-ts-median": 1.5075962004706516,
        "utt-first4-ts-min": 1.4546256838497837,
        "utt-first4-ts-max": 1.752230211555013,
        "utt-2to4-ts-mean": 1.489939361597029,
        "utt-2to4-ts-std": 0.032261894827963336,
        "utt-2to4-ts-median": 1.4973230324654374,
        "utt-2to4-ts-min": 1.4546256838497837,
        "utt-2to4-ts-max": 1.5178693684758657,
        "utt-all-mean_abs_turn_speed_x-mean": 1.6769825052262457,
        "utt-all-mean_abs_turn_speed_x-std": 0.37793094905925867,
        "utt-all-mean_abs_turn_speed_x-median": 1.5218273229329702,
        "utt-all-mean_abs_turn_speed_x-min": 1.4356482164923616,
        "utt-all-mean_abs_turn_speed_x-max": 2.4256383234927124,
        "utt-all-q95_abs_turn_speed_x-mean": 3.941723141810446,
        "utt-all-q95_abs_turn_speed_x-std": 1.4344250178935027,
        "utt-all-q95_abs_turn_speed_x-median": 3.3410569359118876,
        "utt-all-q95_abs_turn_speed_x-min": 2.909283358563221,
        "utt-all-q95_abs_turn_speed_x-max": 6.668077074640268,
        "utt-all-mean_abs_turn_speed_norm-mean": 1.7344039507098719,
        "utt-all-mean_abs_turn_speed_norm-std": 0.4276821375947068,
        "utt-all-mean_abs_turn_speed_norm-median": 1.560137336216263,
        "utt-all-mean_abs_turn_speed_norm-min": 1.4649325089770924,
        "utt-all-mean_abs_turn_speed_norm-max": 2.5860871531226013,
        "utt-all-q95_abs_turn_speed_norm-mean": 3.972481533389688,
        "utt-all-q95_abs_turn_speed_norm-std": 1.4286184199093914,
        "utt-all-q95_abs_turn_speed_norm-median": 3.37590902932,
        "utt-all-q95_abs_turn_speed_norm-min": 2.9663365627145173,
        "utt-all-q95_abs_turn_speed_norm-max": 6.690516983859539,
        "utt-first5-mean_abs_turn_speed_x-mean": 1.5272513415729525,
        "utt-first5-mean_abs_turn_speed_x-std": 0.10195142251960106,
        "utt-first5-mean_abs_turn_speed_x-median": 1.4913229515677362,
        "utt-first5-mean_abs_turn_speed_x-min": 1.4356482164923616,
        "utt-first5-mean_abs_turn_speed_x-max": 1.6925322690874687,
        "utt-first5-q95_abs_turn_speed_x-mean": 3.396452355244482,
        "utt-first5-q95_abs_turn_speed_x-std": 0.5848650996866523,
        "utt-first5-q95_abs_turn_speed_x-median": 3.136058469973785,
        "utt-first5-q95_abs_turn_speed_x-min": 2.909283358563221,
        "utt-first5-q95_abs_turn_speed_x-max": 4.351927161936155,
        "utt-first5-mean_abs_turn_speed_norm-mean": 1.5640673102273257,
        "utt-first5-mean_abs_turn_speed_norm-std": 0.10502728379031501,
        "utt-first5-mean_abs_turn_speed_norm-median": 1.5333276066827608,
        "utt-first5-mean_abs_turn_speed_norm-min": 1.4649325089770924,
        "utt-first5-mean_abs_turn_speed_norm-max": 1.733975298146531,
        "utt-first5-q95_abs_turn_speed_norm-mean": 3.428874443295718,
        "utt-first5-q95_abs_turn_speed_norm-std": 0.5786823171026174,
        "utt-first5-q95_abs_turn_speed_norm-median": 3.1646353298925227,
        "utt-first5-q95_abs_turn_speed_norm-min": 2.9663365627145173,
        "utt-first5-q95_abs_turn_speed_norm-max": 4.372308860877911,
        "utt-first4-mean_abs_turn_speed_x-mean": 1.5209812533916396,
        "utt-first4-mean_abs_turn_speed_x-std": 0.11660487425354063,
        "utt-first4-mean_abs_turn_speed_x-median": 1.4778722639933644,
        "utt-first4-mean_abs_turn_speed_x-min": 1.4356482164923616,
        "utt-first4-mean_abs_turn_speed_x-max": 1.6925322690874687,
        "utt-first4-q95_abs_turn_speed_x-mean": 3.359051593593105,
        "utt-first4-q95_abs_turn_speed_x-std": 0.6684041691182186,
        "utt-first4-q95_abs_turn_speed_x-median": 3.0874979269365217,
        "utt-first4-q95_abs_turn_speed_x-min": 2.909283358563221,
        "utt-first4-q95_abs_turn_speed_x-max": 4.351927161936155,
        "utt-first4-mean_abs_turn_speed_norm-mean": 1.558347371346716,
        "utt-first4-mean_abs_turn_speed_norm-std": 0.12037243226133247,
        "utt-first4-mean_abs_turn_speed_norm-median": 1.5172408391316201,
        "utt-first4-mean_abs_turn_speed_norm-min": 1.4649325089770924,
        "utt-first4-mean_abs_turn_speed_norm-max": 1.733975298146531,
        "utt-first4-q95_abs_turn_speed_norm-mean": 3.3892973719327784,
        "utt-first4-q95_abs_turn_speed_norm-std": 0.6603448606487555,
        "utt-first4-q95_abs_turn_speed_norm-median": 3.1092720320693434,
        "utt-first4-q95_abs_turn_speed_norm-min": 2.9663365627145173,
        "utt-first4-q95_abs_turn_speed_norm-max": 4.372308860877911,
        "utt-2to4-mean_abs_turn_speed_x-mean": 1.4637975814930302,
        "utt-2to4-mean_abs_turn_speed_x-std": 0.0278426122818784,
        "utt-2to4-mean_abs_turn_speed_x-median": 1.4644215764189925,
        "utt-2to4-mean_abs_turn_speed_x-min": 1.4356482164923616,
        "utt-2to4-mean_abs_turn_speed_x-max": 1.4913229515677362,
        "utt-2to4-q95_abs_turn_speed_x-mean": 3.0280930708120883,
        "utt-2to4-q95_abs_turn_speed_x-std": 0.11377581963478811,
        "utt-2to4-q95_abs_turn_speed_x-median": 3.0389373838992584,
        "utt-2to4-q95_abs_turn_speed_x-min": 2.909283358563221,
        "utt-2to4-q95_abs_turn_speed_x-max": 3.136058469973785,
        "utt-2to4-mean_abs_turn_speed_norm-mean": 1.4998047290801109,
        "utt-2to4-mean_abs_turn_speed_norm-std": 0.03421750855087872,
        "utt-2to4-mean_abs_turn_speed_norm-median": 1.5011540715804794,
        "utt-2to4-mean_abs_turn_speed_norm-min": 1.4649325089770924,
        "utt-2to4-mean_abs_turn_speed_norm-max": 1.5333276066827608,
        "utt-2to4-q95_abs_turn_speed_norm-mean": 3.0616268756177347,
        "utt-2to4-q95_abs_turn_speed_norm-std": 0.09937443104618444,
        "utt-2to4-q95_abs_turn_speed_norm-median": 3.0539087342461637,
        "utt-2to4-q95_abs_turn_speed_norm-min": 2.9663365627145173,
        "utt-2to4-q95_abs_turn_speed_norm-max": 3.1646353298925227,
        "utt-all-dur-mean": 1.9833333333333332,
        "utt-all-dur-std": 0.37237973450050516,
        "utt-all-dur-median": 2.1500000000000004,
        "utt-all-dur-min": 1.25,
        "utt-all-dur-max": 2.2,
        "utt-first5-dur-mean": 2.13,
        "utt-first5-dur-std": 0.10954451150103332,
        "utt-first5-dur-median": 2.2,
        "utt-first5-dur-min": 1.95,
        "utt-first5-dur-max": 2.2,
        "utt-first4-dur-mean": 2.1125,
        "utt-first4-dur-std": 0.11814539065631532,
        "utt-first4-dur-median": 2.1500000000000004,
        "utt-first4-dur-min": 1.95,
        "utt-first4-dur-max": 2.2,
        "utt-2to4-dur-mean": 2.166666666666667,
        "utt-2to4-dur-std": 0.05773502691896263,
        "utt-2to4-dur-median": 2.2,
        "utt-2to4-dur-min": 2.1,
        "utt-2to4-dur-max": 2.2,
        "utt-lee_nb-step_dur-mean": 0.8052631578947368,
        "utt-lee_nb-step_dur-std": 0.3485083026046191,
        "utt-lee_nb-step_dur-median": 0.7000000000000001,
        "utt-lee_nb-step_dur-min": 0.4,
        "utt-lee_nb-step_dur-max": 1.9500000000000002,
        "utt-lee_nb-sc": 39,
        "utt-lee-ws": 1.244019138755981,
        "utt-all-turns": 6,
        "utt-first4-turns": 4,
        "utt-first5-turns": 5,
        "utt-2to4-turns": 3
        }
}
