{
    "sbt":
    {
        "sbt-acc_sig_ene": 0.06528162967869641,
        "sbt-acc_ps_ene_x": 3.017500703312428e-06,
        "sbt-acc_ps_ene_y": 3.074934696757422e-06,
        "sbt-acc_ps_ene_z": 4.818148145480596e-06,
        "sbt-acc_ps_peak_x": 6.328125,
        "sbt-acc_ps_peak_y": 0.703125,
        "sbt-acc_ps_peak_z": 4.921875,
        "sbt-acc_ps_ent_x": 6.521032776427052,
        "sbt-acc_ps_ent_y": 6.610672232907655,
        "sbt-acc_ps_ent_z": 6.544551241533521,
        "sbt-acc_ps_amp_x": 2.422450368094965e-07,
        "sbt-acc_ps_amp_y": 2.1484183990241472e-07,
        "sbt-acc_ps_amp_z": 2.340994480892616e-07,
        "sbt-coverage_valid": 1.0,
        "sbt-first5s-ca": 13.579194647461305,
        "sbt-first5s-ea": 4.239461605733363,
        "sbt-first5s-totex": 20.623767148691897,
        "sbt-first5s-jerk": 5.155941787172974,
        "sbt-after5s-ca": 3.445500958786883,
        "sbt-after5s-ea": 1.6414282687243542,
        "sbt-after5s-totex": 79.54577286580684,
        "sbt-after5s-jerk": 3.1818309146322736,
        "sbt-full-ca": 5.819684561111646,
        "sbt-full-ea": 2.3757764452751897,
        "sbt-full-totex": 100.39177711766696,
        "sbt-full-jerk": 3.3463925705888986
    }
}
