{
  "sbt":
        {
        "sbt-acc_sig_ene": 0.5567243540674335,
        "sbt-acc_ps_ene_x": 1.52636135920207e-05,
        "sbt-acc_ps_ene_y": 6.79829550108389e-05,
        "sbt-acc_ps_ene_z": 1.8007542457424342e-05,
        "sbt-acc_ps_peak_x": 8.59375,
        "sbt-acc_ps_peak_y": 0.9765625,
        "sbt-acc_ps_peak_z": 0.9765625,
        "sbt-acc_ps_ent_x": 6.258662037942053,
        "sbt-acc_ps_ent_y": 4.5560788491058135,
        "sbt-acc_ps_ent_z": 5.519975577476776,
        "sbt-acc_ps_amp_x": 5.5427263930633934e-06,
        "sbt-acc_ps_amp_y": 5.938638049854915e-05,
        "sbt-acc_ps_amp_z": 1.1483459115994898e-05,
        "sbt-coverage_valid": 1.0,
        "sbt-first5s-ca": 643.8931902252932,
        "sbt-first5s-ea": 58.667643631450886,
        "sbt-first5s-totex": 189.8487382604227,
        "sbt-first5s-jerk": 47.46218456510567,
        "sbt-after5s-ca": 830.8195580188765,
        "sbt-after5s-ea": 166.32046187399544,
        "sbt-after5s-totex": 1403.7194895444768,
        "sbt-after5s-jerk": 56.14877958177908,
        "sbt-full-ca": 803.8720058726875,
        "sbt-full-ea": 154.4654281000123,
        "sbt-full-totex": 1594.4792564845538,
        "sbt-full-jerk": 53.14930854948512
        }
}
