{"sbt":
        {
        "sbt-acc_sig_ene": 1.1158134060308713,
        "sbt-acc_ps_ene_x": 0.000678693969501037,
        "sbt-acc_ps_ene_y": 0.0006707694079491476,
        "sbt-acc_ps_ene_z": 0.0002372290195370728,
        "sbt-acc_ps_peak_x": 3.3203125,
        "sbt-acc_ps_peak_y": 0.5859375,
        "sbt-acc_ps_peak_z": 1.3671875,
        "sbt-acc_ps_ent_x": 5.456375904525963,
        "sbt-acc_ps_ent_y": 4.685772433778737,
        "sbt-acc_ps_ent_z": 4.432819235287756,
        "sbt-acc_ps_amp_x": 4.48120976914693e-05,
        "sbt-acc_ps_amp_y": 0.00028763871093067506,
        "sbt-acc_ps_amp_z": 0.0001353997025526033,
        "sbt-coverage_valid": 0.75,
        "sbt-first5s-ca": 3872.6989040941367,
        "sbt-first5s-ea": 1382.5490314955907,
        "sbt-first5s-totex": 548.9239685435422,
        "sbt-first5s-jerk": 137.23099213588554,
        "sbt-after5s-ca": 5417.325080285995,
        "sbt-after5s-ea": 908.4505449365893,
        "sbt-after5s-totex": 1768.1487527309453,
        "sbt-after5s-jerk": 70.72595010923781,
        "sbt-full-ca": 5261.15439054263,
        "sbt-full-ea": 1116.9587503877515,
        "sbt-full-totex": 2317.1879755033638,
        "sbt-full-jerk": 77.23959918344546
        }
}
