{
  "sbt":
        {
        "sbt-acc_sig_ene": 5.856542808918162,
        "sbt-acc_ps_ene_x": 0.03830246711671691,
        "sbt-acc_ps_ene_y": 0.04834994239301722,
        "sbt-acc_ps_ene_z": 0.03763287212046245,
        "sbt-acc_ps_peak_x": 1.796875,
        "sbt-acc_ps_peak_y": 0.9375,
        "sbt-acc_ps_peak_z": 1.796875,
        "sbt-acc_ps_ent_x": 5.907928515649489,
        "sbt-acc_ps_ent_y": 6.433209896773627,
        "sbt-acc_ps_ent_z": 6.039304449693893,
        "sbt-acc_ps_amp_x": 0.009032623960693027,
        "sbt-acc_ps_amp_y": 0.004486268016429047,
        "sbt-acc_ps_amp_z": 0.005190502370241751,
        "sbt-coverage_valid": 0.0,
        "sbt-first5s-ca": 23852.176689016218,
        "sbt-first5s-ea": 9061.049299467784,
        "sbt-first5s-totex": 1058.2307720313408,
        "sbt-first5s-jerk": 264.5576930078352,
        "sbt-after5s-ca": 35304.44152055106,
        "sbt-after5s-ea": 13165.942720470839,
        "sbt-after5s-totex": 7149.4022359545725,
        "sbt-after5s-jerk": 297.8917598314405,
        "sbt-full-ca": 33565.238207264905,
        "sbt-full-ea": 13459.651448695458,
        "sbt-full-totex": 8229.12074525215,
        "sbt-full-jerk": 283.76278431903967
        }
}
