{"bdh":
        {
        "utt-all-ts-mean": 2.968552908399079,
        "utt-all-ts-std": 0.40461328524718504,
        "utt-all-ts-median": 3.0921514877592826,
        "utt-all-ts-min": 2.502944795038584,
        "utt-all-ts-max": 3.631534648438531,
        "utt-first5-ts-mean": 3.027608439434915,
        "utt-first5-ts-std": 0.42397827321990234,
        "utt-first5-ts-median": 3.0921514877592826,
        "utt-first5-ts-min": 2.517751195697452,
        "utt-first5-ts-max": 3.631534648438531,
        "utt-first4-ts-mean": 3.011472677353823,
        "utt-first4-ts-std": 0.4877919803534318,
        "utt-first4-ts-median": 2.9483024326396547,
        "utt-first4-ts-min": 2.517751195697452,
        "utt-first4-ts-max": 3.631534648438531,
        "utt-2to4-ts-mean": 2.8047853536589202,
        "utt-2to4-ts-std": 0.31716498149814004,
        "utt-2to4-ts-median": 2.7513197694146174,
        "utt-2to4-ts-min": 2.517751195697452,
        "utt-2to4-ts-max": 3.1452850958646925,
        "utt-all-mean_abs_turn_speed_x-mean": 2.832676580924783,
        "utt-all-mean_abs_turn_speed_x-std": 0.38429401682765113,
        "utt-all-mean_abs_turn_speed_x-median": 2.9284178124906606,
        "utt-all-mean_abs_turn_speed_x-min": 2.346580184852686,
        "utt-all-mean_abs_turn_speed_x-max": 3.460222179277499,
        "utt-all-q95_abs_turn_speed_x-mean": 5.791586783077188,
        "utt-all-q95_abs_turn_speed_x-std": 0.5787276521056741,
        "utt-all-q95_abs_turn_speed_x-median": 5.475037264539021,
        "utt-all-q95_abs_turn_speed_x-min": 5.1561763853860505,
        "utt-all-q95_abs_turn_speed_x-max": 6.425795284390761,
        "utt-all-mean_abs_turn_speed_norm-mean": 3.0266690277052755,
        "utt-all-mean_abs_turn_speed_norm-std": 0.3533748108288031,
        "utt-all-mean_abs_turn_speed_norm-median": 3.0797042327029813,
        "utt-all-mean_abs_turn_speed_norm-min": 2.4904980490909066,
        "utt-all-mean_abs_turn_speed_norm-max": 3.504361814778409,
        "utt-all-q95_abs_turn_speed_norm-mean": 5.986744449942965,
        "utt-all-q95_abs_turn_speed_norm-std": 0.8789594231053618,
        "utt-all-q95_abs_turn_speed_norm-median": 5.487545699158611,
        "utt-all-q95_abs_turn_speed_norm-min": 5.1850815052577675,
        "utt-all-q95_abs_turn_speed_norm-max": 7.5920381504895715,
        "utt-first5-mean_abs_turn_speed_x-mean": 2.910747613826027,
        "utt-first5-mean_abs_turn_speed_x-std": 0.39056364002228194,
        "utt-first5-mean_abs_turn_speed_x-median": 2.969582128798789,
        "utt-first5-mean_abs_turn_speed_x-min": 2.4518343912328033,
        "utt-first5-mean_abs_turn_speed_x-max": 3.460222179277499,
        "utt-first5-q95_abs_turn_speed_x-mean": 5.546936127786359,
        "utt-first5-q95_abs_turn_speed_x-std": 0.4901760617218328,
        "utt-first5-q95_abs_turn_speed_x-median": 5.4374209145399135,
        "utt-first5-q95_abs_turn_speed_x-min": 5.1561763853860505,
        "utt-first5-q95_abs_turn_speed_x-max": 6.39317598138221,
        "utt-first5-mean_abs_turn_speed_norm-mean": 2.9506896381299215,
        "utt-first5-mean_abs_turn_speed_norm-std": 0.3916723716039086,
        "utt-first5-mean_abs_turn_speed_norm-median": 3.003611152284318,
        "utt-first5-mean_abs_turn_speed_norm-min": 2.4904980490909066,
        "utt-first5-mean_abs_turn_speed_norm-max": 3.504361814778409,
        "utt-first5-q95_abs_turn_speed_norm-mean": 5.5695268938509885,
        "utt-first5-q95_abs_turn_speed_norm-std": 0.4891152080397788,
        "utt-first5-q95_abs_turn_speed_norm-median": 5.485723167945358,
        "utt-first5-q95_abs_turn_speed_norm-min": 5.1850815052577675,
        "utt-first5-q95_abs_turn_speed_norm-max": 6.412099453366743,
        "utt-first4-mean_abs_turn_speed_x-mean": 2.8960389850828365,
        "utt-first4-mean_abs_turn_speed_x-std": 0.4493821508247809,
        "utt-first4-mean_abs_turn_speed_x-median": 2.8360496849105212,
        "utt-first4-mean_abs_turn_speed_x-min": 2.4518343912328033,
        "utt-first4-mean_abs_turn_speed_x-max": 3.460222179277499,
        "utt-first4-q95_abs_turn_speed_x-mean": 5.644626063386436,
        "utt-first4-q95_abs_turn_speed_x-std": 0.5066964296925593,
        "utt-first4-q95_abs_turn_speed_x-median": 5.456229089539468,
        "utt-first4-q95_abs_turn_speed_x-min": 5.272870093084598,
        "utt-first4-q95_abs_turn_speed_x-max": 6.39317598138221,
        "utt-first4-mean_abs_turn_speed_norm-mean": 2.9374592595913223,
        "utt-first4-mean_abs_turn_speed_norm-std": 0.4509723304098337,
        "utt-first4-mean_abs_turn_speed_norm-median": 2.8774885872479867,
        "utt-first4-mean_abs_turn_speed_norm-min": 2.4904980490909066,
        "utt-first4-mean_abs_turn_speed_norm-max": 3.504361814778409,
        "utt-first4-q95_abs_turn_speed_norm-mean": 5.665638240999294,
        "utt-first4-q95_abs_turn_speed_norm-std": 0.5073417408184031,
        "utt-first4-q95_abs_turn_speed_norm-median": 5.486634433551984,
        "utt-first4-q95_abs_turn_speed_norm-min": 5.277184643526464,
        "utt-first4-q95_abs_turn_speed_norm-max": 6.412099453366743,
        "utt-2to4-mean_abs_turn_speed_x-mean": 2.7079779203512815,
        "utt-2to4-mean_abs_turn_speed_x-std": 0.3011887976204695,
        "utt-2to4-mean_abs_turn_speed_x-median": 2.6323156396944296,
        "utt-2to4-mean_abs_turn_speed_x-min": 2.4518343912328033,
        "utt-2to4-mean_abs_turn_speed_x-max": 3.039783730126613,
        "utt-2to4-q95_abs_turn_speed_x-mean": 5.395109424054511,
        "utt-2to4-q95_abs_turn_speed_x-std": 0.10752017472917715,
        "utt-2to4-q95_abs_turn_speed_x-median": 5.4374209145399135,
        "utt-2to4-q95_abs_turn_speed_x-min": 5.272870093084598,
        "utt-2to4-q95_abs_turn_speed_x-max": 5.475037264539021,
        "utt-2to4-mean_abs_turn_speed_norm-mean": 2.7484917411956267,
        "utt-2to4-mean_abs_turn_speed_norm-std": 0.3013498401213263,
        "utt-2to4-mean_abs_turn_speed_norm-median": 2.6752729417929917,
        "utt-2to4-mean_abs_turn_speed_norm-min": 2.4904980490909066,
        "utt-2to4-mean_abs_turn_speed_norm-max": 3.0797042327029813,
        "utt-2to4-q95_abs_turn_speed_norm-mean": 5.4168178368768105,
        "utt-2to4-q95_abs_turn_speed_norm-std": 0.12092932613273481,
        "utt-2to4-q95_abs_turn_speed_norm-median": 5.485723167945358,
        "utt-2to4-q95_abs_turn_speed_norm-min": 5.277184643526464,
        "utt-2to4-q95_abs_turn_speed_norm-max": 5.487545699158611,
        "utt-all-turns": 7,
        "utt-all-dur-mean": 1.1428571428571428,
        "utt-all-dur-std": 0.17660825629193044,
        "utt-all-dur-median": 1.15,
        "utt-all-dur-min": 0.85,
        "utt-all-dur-max": 1.4,
        "utt-first5-turns": 5,
        "utt-first5-dur-mean": 1.22,
        "utt-first5-dur-std": 0.1254990039801113,
        "utt-first5-dur-median": 1.15,
        "utt-first5-dur-min": 1.1,
        "utt-first5-dur-max": 1.4,
        "utt-first4-turns": 4,
        "utt-first4-dur-mean": 1.2375,
        "utt-first4-dur-std": 0.1376892636821525,
        "utt-first4-dur-median": 1.225,
        "utt-first4-dur-min": 1.1,
        "utt-first4-dur-max": 1.4,
        "utt-2to4-turns": 3,
        "utt-2to4-dur-mean": 1.2833333333333334,
        "utt-2to4-dur-std": 0.1258305739211792,
        "utt-2to4-dur-median": 1.3,
        "utt-2to4-dur-min": 1.15,
        "utt-2to4-dur-max": 1.4,
        "utt-lee_nb-sc": 38,
        "utt-lee_nb-sp": 0.0022243086465347185,
        "utt-lee_nb-step_dur-mean": 0.8081081081081082,
        "utt-lee_nb-step_dur-std": 0.45023350631667813,
        "utt-lee_nb-step_dur-median": 0.65,
        "utt-lee_nb-step_dur-min": 0.2,
        "utt-lee_nb-step_dur-max": 1.85,
        "utt-lee-ws": 1.2398042414355628
        }
}
