{
  "6mwt": {
    "6mwt-acc_sig_ene": 75.60105780300513,
    "6mwt-acc_ps_ene_x": 0.2644356331389847,
    "6mwt-acc_ps_ene_y": 0.21763592484530836,
    "6mwt-acc_ps_ene_z": 0.07011250413752082,
    "6mwt-acc_ps_peak_x": 1.953125,
    "6mwt-acc_ps_peak_y": 3.90625,
    "6mwt-acc_ps_peak_z": 3.90625,
    "6mwt-acc_ps_ent_x": 4.051338515863221,
    "6mwt-acc_ps_ent_y": 4.814500385258922,
    "6mwt-acc_ps_ent_z": 5.54160804413268,
    "6mwt-acc_ps_amp_x": 0.15629459045022606,
    "6mwt-acc_ps_amp_y": 0.024659664717102233,
    "6mwt-acc_ps_amp_z": 0.009768789928050949,
    "6mwt-gyr_sig_ene": 187.33397870377087,
    "6mwt-gyr_ps_ene_x": 1.6944081566070226,
    "6mwt-gyr_ps_ene_y": 0.9771354997696272,
    "6mwt-gyr_ps_ene_z": 0.6674270273718389,
    "6mwt-gyr_ps_peak_x": 0.9765625,
    "6mwt-gyr_ps_peak_y": 2.9296875,
    "6mwt-gyr_ps_peak_z": 2.9296875,
    "6mwt-gyr_ps_ent_x": 4.335407400501124,
    "6mwt-gyr_ps_ent_y": 5.53521085908607,
    "6mwt-gyr_ps_ent_z": 5.403644464528799,
    "6mwt-gyr_ps_amp_x": 0.5220103917588618,
    "6mwt-gyr_ps_amp_y": 0.1537822859529931,
    "6mwt-gyr_ps_amp_z": 0.14388215870970028,
    "6mwt-lee_2min-sp": 0.028894787281860235,
    "6mwt-lee_lb-sp": 0.03182335762493861,
    "6mwt-lee_ab-sp": 0.03182335762493861,
    "6mwt-lee_nb-sp": 0.03177776542203756,
    "6mwt-gp_nb-step_len-mean": 0.741,
    "6mwt-gp_nb-step_len-std": 0.078,
    "6mwt-gp_nb-step_len-median": 0.745,
    "6mwt-gp_nb-step_len-min": 0.459,
    "6mwt-gp_nb-step_len-max": 0.902,
    "6mwt-gp_nb-step_len_asym-mean": 0.136,
    "6mwt-gp_nb-step_len_asym-std": 0.055,
    "6mwt-gp_nb-step_len_asym-median": 0.14,
    "6mwt-gp_nb-step_len_asym-min": 0.001,
    "6mwt-gp_nb-step_len_asym-max": 0.277,
    "6mwt-gp_nb-stride_len-mean": 1.481,
    "6mwt-gp_nb-stride_len-std": 0.054,
    "6mwt-gp_nb-stride_len-median": 1.481,
    "6mwt-gp_nb-stride_len-min": 1.071,
    "6mwt-gp_nb-stride_len-max": 1.651,
    "6mwt-gp_nb-stride_len_asym-mean": 0.041,
    "6mwt-gp_nb-stride_len_asym-std": 0.033,
    "6mwt-gp_nb-stride_len_asym-median": 0.032,
    "6mwt-gp_nb-stride_len_asym-min": 0.0,
    "6mwt-gp_nb-stride_len_asym-max": 0.264,
    "6mwt-gp_nb-gait_speed-mean": 1.451,
    "6mwt-gp_nb-gait_speed-std": 0.063,
    "6mwt-gp_nb-gait_speed-median": 1.449,
    "6mwt-gp_nb-gait_speed-min": 0.992,
    "6mwt-gp_nb-gait_speed-max": 1.627,
    "6mwt-gp_ab-step_len-mean": 0.742,
    "6mwt-gp_ab-step_len-std": 0.077,
    "6mwt-gp_ab-step_len-median": 0.75,
    "6mwt-gp_ab-step_len-min": 0.596,
    "6mwt-gp_ab-step_len-max": 0.902,
    "6mwt-gp_ab-step_len_asym-mean": 0.136,
    "6mwt-gp_ab-step_len_asym-std": 0.054,
    "6mwt-gp_ab-step_len_asym-median": 0.14,
    "6mwt-gp_ab-step_len_asym-min": 0.001,
    "6mwt-gp_ab-step_len_asym-max": 0.261,
    "6mwt-gp_ab-stride_len-mean": 1.484,
    "6mwt-gp_ab-stride_len-std": 0.048,
    "6mwt-gp_ab-stride_len-median": 1.481,
    "6mwt-gp_ab-stride_len-min": 1.371,
    "6mwt-gp_ab-stride_len-max": 1.651,
    "6mwt-gp_ab-stride_len_asym-mean": 0.039,
    "6mwt-gp_ab-stride_len_asym-std": 0.03,
    "6mwt-gp_ab-stride_len_asym-median": 0.032,
    "6mwt-gp_ab-stride_len_asym-min": 0.0,
    "6mwt-gp_ab-stride_len_asym-max": 0.152,
    "6mwt-gp_ab-gait_speed-mean": 1.456,
    "6mwt-gp_ab-gait_speed-std": 0.054,
    "6mwt-gp_ab-gait_speed-median": 1.451,
    "6mwt-gp_ab-gait_speed-min": 1.27,
    "6mwt-gp_ab-gait_speed-max": 1.627,
    "6mwt-gp_lb-step_len-mean": 0.739,
    "6mwt-gp_lb-step_len-std": 0.079,
    "6mwt-gp_lb-step_len-median": 0.74,
    "6mwt-gp_lb-step_len-min": 0.596,
    "6mwt-gp_lb-step_len-max": 0.9,
    "6mwt-gp_lb-step_len_asym-mean": 0.14,
    "6mwt-gp_lb-step_len_asym-std": 0.053,
    "6mwt-gp_lb-step_len_asym-median": 0.146,
    "6mwt-gp_lb-step_len_asym-min": 0.002,
    "6mwt-gp_lb-step_len_asym-max": 0.261,
    "6mwt-gp_lb-stride_len-mean": 1.478,
    "6mwt-gp_lb-stride_len-std": 0.048,
    "6mwt-gp_lb-stride_len-median": 1.476,
    "6mwt-gp_lb-stride_len-min": 1.371,
    "6mwt-gp_lb-stride_len-max": 1.651,
    "6mwt-gp_lb-stride_len_asym-mean": 0.039,
    "6mwt-gp_lb-stride_len_asym-std": 0.03,
    "6mwt-gp_lb-stride_len_asym-median": 0.032,
    "6mwt-gp_lb-stride_len_asym-min": 0.0,
    "6mwt-gp_lb-stride_len_asym-max": 0.152,
    "6mwt-gp_lb-gait_speed-mean": 1.442,
    "6mwt-gp_lb-gait_speed-std": 0.054,
    "6mwt-gp_lb-gait_speed-median": 1.439,
    "6mwt-gp_lb-gait_speed-min": 1.27,
    "6mwt-gp_lb-gait_speed-max": 1.619,
    "6mwt-gp_2min-step_len-mean": 0.74,
    "6mwt-gp_2min-step_len-std": 0.078,
    "6mwt-gp_2min-step_len-median": 0.75,
    "6mwt-gp_2min-step_len-min": 0.597,
    "6mwt-gp_2min-step_len-max": 0.9,
    "6mwt-gp_2min-step_len_asym-mean": 0.139,
    "6mwt-gp_2min-step_len_asym-std": 0.053,
    "6mwt-gp_2min-step_len_asym-median": 0.142,
    "6mwt-gp_2min-step_len_asym-min": 0.002,
    "6mwt-gp_2min-step_len_asym-max": 0.261,
    "6mwt-gp_2min-stride_len-mean": 1.48,
    "6mwt-gp_2min-stride_len-std": 0.048,
    "6mwt-gp_2min-stride_len-median": 1.482,
    "6mwt-gp_2min-stride_len-min": 1.371,
    "6mwt-gp_2min-stride_len-max": 1.651,
    "6mwt-gp_2min-stride_len_asym-mean": 0.039,
    "6mwt-gp_2min-stride_len_asym-std": 0.029,
    "6mwt-gp_2min-stride_len_asym-median": 0.032,
    "6mwt-gp_2min-stride_len_asym-min": 0.0,
    "6mwt-gp_2min-stride_len_asym-max": 0.152,
    "6mwt-gp_2min-gait_speed-mean": 1.428,
    "6mwt-gp_2min-gait_speed-std": 0.052,
    "6mwt-gp_2min-gait_speed-median": 1.425,
    "6mwt-gp_2min-gait_speed-min": 1.27,
    "6mwt-gp_2min-gait_speed-max": 1.619,
    "6mwt-lee_ab-hr_pos-mean": 0.23319690187365133,
    "6mwt-lee_ab-hr_pos-std": 0.1259083995201377,
    "6mwt-lee_ab-hr_pos-median": 0.22675937903437224,
    "6mwt-lee_ab-hr_pos-min": 0.004007769314085502,
    "6mwt-lee_ab-hr_pos-max": 1.672399539347415,
    "6mwt-lee_ab-hr_neg-mean": 0.23338435589092174,
    "6mwt-lee_ab-hr_neg-std": 0.0788361566751585,
    "6mwt-lee_ab-hr_neg-median": 0.23619882137070278,
    "6mwt-lee_ab-hr_neg-min": 0.0037140454021966727,
    "6mwt-lee_ab-hr_neg-max": 0.4231506750533645,
    "6mwt-lee_lb-hr_pos-mean": 0.23319690187365133,
    "6mwt-lee_lb-hr_pos-std": 0.1259083995201377,
    "6mwt-lee_lb-hr_pos-median": 0.22675937903437224,
    "6mwt-lee_lb-hr_pos-min": 0.004007769314085502,
    "6mwt-lee_lb-hr_pos-max": 1.672399539347415,
    "6mwt-lee_lb-hr_neg-mean": 0.23338435589092174,
    "6mwt-lee_lb-hr_neg-std": 0.0788361566751585,
    "6mwt-lee_lb-hr_neg-median": 0.23619882137070278,
    "6mwt-lee_lb-hr_neg-min": 0.0037140454021966727,
    "6mwt-lee_lb-hr_neg-max": 0.4231506750533645,
    "6mwt-lee_nb-hr_pos-mean": 0.23319690187365133,
    "6mwt-lee_nb-hr_pos-std": 0.1259083995201377,
    "6mwt-lee_nb-hr_pos-median": 0.22675937903437224,
    "6mwt-lee_nb-hr_pos-min": 0.004007769314085502,
    "6mwt-lee_nb-hr_pos-max": 1.672399539347415,
    "6mwt-lee_nb-hr_neg-mean": 0.23270787949703503,
    "6mwt-lee_nb-hr_neg-std": 0.07943803064503571,
    "6mwt-lee_nb-hr_neg-median": 0.23592986653732764,
    "6mwt-lee_nb-hr_neg-min": 0.0037140454021966727,
    "6mwt-lee_nb-hr_neg-max": 0.4231506750533645,
    "6mwt-lee_2min-hr_pos-mean": 0.2221057543583993,
    "6mwt-lee_2min-hr_pos-std": 0.07370811530528036,
    "6mwt-lee_2min-hr_pos-median": 0.2182834178137703,
    "6mwt-lee_2min-hr_pos-min": 0.02954484855527907,
    "6mwt-lee_2min-hr_pos-max": 0.37723839200829307,
    "6mwt-lee_2min-hr_neg-mean": 0.22208618011463074,
    "6mwt-lee_2min-hr_neg-std": 0.08074660399704708,
    "6mwt-lee_2min-hr_neg-median": 0.22969281603870342,
    "6mwt-lee_2min-hr_neg-min": 0.0037140454021966727,
    "6mwt-lee_2min-hr_neg-max": 0.40722142450284693,
    "6mwt-gp_2min-step_len-q95": 0.856,
    "6mwt-gp_2min-step_len_asym-q95": 0.226,
    "6mwt-gp_2min-stride_len-q95": 1.563,
    "6mwt-gp_2min-stride_len_asym-q95": 0.092,
    "6mwt-gp_2min-gait_speed-q95": 1.526,
    "6mwt-gp_lb-step_len-q95": 0.851,
    "6mwt-gp_lb-step_len_asym-q95": 0.222,
    "6mwt-gp_lb-stride_len-q95": 1.564,
    "6mwt-gp_lb-stride_len_asym-q95": 0.096,
    "6mwt-gp_lb-gait_speed-q95": 1.54,
    "6mwt-gp_ab-step_len-q95": 0.857,
    "6mwt-gp_ab-step_len_asym-q95": 0.214,
    "6mwt-gp_ab-stride_len-q95": 1.574,
    "6mwt-gp_ab-stride_len_asym-q95": 0.097,
    "6mwt-gp_ab-gait_speed-q95": 1.551,
    "6mwt-gp_nb-step_len-q95": 0.857,
    "6mwt-gp_nb-step_len_asym-q95": 0.215,
    "6mwt-gp_nb-stride_len-q95": 1.574,
    "6mwt-gp_nb-stride_len_asym-q95": 0.102,
    "6mwt-gp_nb-gait_speed-q95": 1.55,
    "6mwt-gp_2min-step_len-cv": 0.106,
    "6mwt-gp_2min-stride_len-cv": 0.033,
    "6mwt-gp_lb-step_len-cv": 0.107,
    "6mwt-gp_lb-stride_len-cv": 0.032,
    "6mwt-gp_ab-step_len-cv": 0.104,
    "6mwt-gp_ab-stride_len-cv": 0.033,
    "6mwt-gp_nb-step_len-cv": 0.106,
    "6mwt-gp_nb-stride_len-cv": 0.037,
    "6mwt-gp_2min-gait_speed-cv": 0.037,
    "6mwt-gp_lb-gait_speed-cv": 0.038,
    "6mwt-gp_ab-gait_speed-cv": 0.037,
    "6mwt-gp_nb-gait_speed-cv": 0.043,
    "6mwt-gp_2min-step_len_asym-cv": 0.386,
    "6mwt-gp_2min-stride_len_asym-cv": 0.751,
    "6mwt-gp_lb-step_len_asym-cv": 0.379,
    "6mwt-gp_lb-stride_len_asym-cv": 0.775,
    "6mwt-gp_ab-step_len_asym-cv": 0.399,
    "6mwt-gp_ab-stride_len_asym-cv": 0.778,
    "6mwt-gp_nb-step_len_asym-cv": 0.402,
    "6mwt-gp_nb-stride_len_asym-cv": 0.813,
    "6mwt-gp_2min-stride_dur_asym_ln-mean": -0.012,
    "6mwt-gp_2min-stride_dur_asym_ln-std": 0.013,
    "6mwt-gp_2min-stride_dur_asym_ln-median": -0.019,
    "6mwt-gp_2min-stride_dur_asym_ln-min": -0.058,
    "6mwt-gp_2min-stride_dur_asym_ln-max": 0.0,
    "6mwt-gp_2min-stride_dur_asym_ln-q95": 0.0,
    "6mwt-gp_2min-stride_dur_asym_ln-cv": -1.061,
    "6mwt-gp_2min-step_dur_asym_ln-mean": -0.042,
    "6mwt-gp_2min-step_dur_asym_ln-std": 0.032,
    "6mwt-gp_2min-step_dur_asym_ln-median": -0.039,
    "6mwt-gp_2min-step_dur_asym_ln-min": -0.118,
    "6mwt-gp_2min-step_dur_asym_ln-max": 0.0,
    "6mwt-gp_2min-step_dur_asym_ln-q95": 0.0,
    "6mwt-gp_2min-step_dur_asym_ln-cv": -0.746,
    "6mwt-gp_2min-stride_len_asym_ln-mean": -0.026,
    "6mwt-gp_2min-stride_len_asym_ln-std": 0.02,
    "6mwt-gp_2min-stride_len_asym_ln-median": -0.022,
    "6mwt-gp_2min-stride_len_asym_ln-min": -0.105,
    "6mwt-gp_2min-stride_len_asym_ln-max": -0.0,
    "6mwt-gp_2min-stride_len_asym_ln-q95": -0.004,
    "6mwt-gp_2min-stride_len_asym_ln-cv": -0.749,
    "6mwt-gp_2min-step_len_asym_ln-mean": -0.189,
    "6mwt-gp_2min-step_len_asym_ln-std": 0.074,
    "6mwt-gp_2min-step_len_asym_ln-median": -0.195,
    "6mwt-gp_2min-step_len_asym_ln-min": -0.355,
    "6mwt-gp_2min-step_len_asym_ln-max": -0.002,
    "6mwt-gp_2min-step_len_asym_ln-q95": -0.056,
    "6mwt-gp_2min-step_len_asym_ln-cv": -0.39,
    "6mwt-gp_lb-stride_dur_asym_ln-mean": -0.01,
    "6mwt-gp_lb-stride_dur_asym_ln-std": 0.012,
    "6mwt-gp_lb-stride_dur_asym_ln-median": 0.0,
    "6mwt-gp_lb-stride_dur_asym_ln-min": -0.058,
    "6mwt-gp_lb-stride_dur_asym_ln-max": 0.0,
    "6mwt-gp_lb-stride_dur_asym_ln-q95": 0.0,
    "6mwt-gp_lb-stride_dur_asym_ln-cv": -1.192,
    "6mwt-gp_lb-step_dur_asym_ln-mean": -0.048,
    "6mwt-gp_lb-step_dur_asym_ln-std": 0.032,
    "6mwt-gp_lb-step_dur_asym_ln-median": -0.039,
    "6mwt-gp_lb-step_dur_asym_ln-min": -0.16,
    "6mwt-gp_lb-step_dur_asym_ln-max": 0.0,
    "6mwt-gp_lb-step_dur_asym_ln-q95": 0.0,
    "6mwt-gp_lb-step_dur_asym_ln-cv": -0.676,
    "6mwt-gp_lb-stride_len_asym_ln-mean": -0.026,
    "6mwt-gp_lb-stride_len_asym_ln-std": 0.02,
    "6mwt-gp_lb-stride_len_asym_ln-median": -0.022,
    "6mwt-gp_lb-stride_len_asym_ln-min": -0.105,
    "6mwt-gp_lb-stride_len_asym_ln-max": 0.0,
    "6mwt-gp_lb-stride_len_asym_ln-q95": -0.003,
    "6mwt-gp_lb-stride_len_asym_ln-cv": -0.773,
    "6mwt-gp_lb-step_len_asym_ln-mean": -0.19,
    "6mwt-gp_lb-step_len_asym_ln-std": 0.074,
    "6mwt-gp_lb-step_len_asym_ln-median": -0.198,
    "6mwt-gp_lb-step_len_asym_ln-min": -0.355,
    "6mwt-gp_lb-step_len_asym_ln-max": 0.0,
    "6mwt-gp_lb-step_len_asym_ln-q95": -0.057,
    "6mwt-gp_lb-step_len_asym_ln-cv": -0.388,
    "6mwt-gp_ab-stride_dur_asym_ln-mean": -0.012,
    "6mwt-gp_ab-stride_dur_asym_ln-std": 0.014,
    "6mwt-gp_ab-stride_dur_asym_ln-median": -0.019,
    "6mwt-gp_ab-stride_dur_asym_ln-min": -0.082,
    "6mwt-gp_ab-stride_dur_asym_ln-max": 0.0,
    "6mwt-gp_ab-stride_dur_asym_ln-q95": 0.0,
    "6mwt-gp_ab-stride_dur_asym_ln-cv": -1.131,
    "6mwt-gp_ab-step_dur_asym_ln-mean": -0.051,
    "6mwt-gp_ab-step_dur_asym_ln-std": 0.035,
    "6mwt-gp_ab-step_dur_asym_ln-median": -0.039,
    "6mwt-gp_ab-step_dur_asym_ln-min": -0.276,
    "6mwt-gp_ab-step_dur_asym_ln-max": 0.0,
    "6mwt-gp_ab-step_dur_asym_ln-q95": 0.0,
    "6mwt-gp_ab-step_dur_asym_ln-cv": -0.695,
    "6mwt-gp_ab-stride_len_asym_ln-mean": -0.026,
    "6mwt-gp_ab-stride_len_asym_ln-std": 0.02,
    "6mwt-gp_ab-stride_len_asym_ln-median": -0.022,
    "6mwt-gp_ab-stride_len_asym_ln-min": -0.105,
    "6mwt-gp_ab-stride_len_asym_ln-max": 0.0,
    "6mwt-gp_ab-stride_len_asym_ln-q95": -0.002,
    "6mwt-gp_ab-stride_len_asym_ln-cv": -0.774,
    "6mwt-gp_ab-step_len_asym_ln-mean": -0.184,
    "6mwt-gp_ab-step_len_asym_ln-std": 0.075,
    "6mwt-gp_ab-step_len_asym_ln-median": -0.19,
    "6mwt-gp_ab-step_len_asym_ln-min": -0.355,
    "6mwt-gp_ab-step_len_asym_ln-max": 0.0,
    "6mwt-gp_ab-step_len_asym_ln-q95": -0.048,
    "6mwt-gp_ab-step_len_asym_ln-cv": -0.408,
    "6mwt-gp_nb-stride_dur_asym_ln-mean": -0.013,
    "6mwt-gp_nb-stride_dur_asym_ln-std": 0.014,
    "6mwt-gp_nb-stride_dur_asym_ln-median": -0.019,
    "6mwt-gp_nb-stride_dur_asym_ln-min": -0.097,
    "6mwt-gp_nb-stride_dur_asym_ln-max": 0.0,
    "6mwt-gp_nb-stride_dur_asym_ln-q95": 0.0,
    "6mwt-gp_nb-stride_dur_asym_ln-cv": -1.147,
    "6mwt-gp_nb-step_dur_asym_ln-mean": -0.051,
    "6mwt-gp_nb-step_dur_asym_ln-std": 0.036,
    "6mwt-gp_nb-step_dur_asym_ln-median": -0.039,
    "6mwt-gp_nb-step_dur_asym_ln-min": -0.276,
    "6mwt-gp_nb-step_dur_asym_ln-max": 0.0,
    "6mwt-gp_nb-step_dur_asym_ln-q95": 0.0,
    "6mwt-gp_nb-step_dur_asym_ln-cv": -0.709,
    "6mwt-gp_nb-stride_len_asym_ln-mean": -0.027,
    "6mwt-gp_nb-stride_len_asym_ln-std": 0.023,
    "6mwt-gp_nb-stride_len_asym_ln-median": -0.022,
    "6mwt-gp_nb-stride_len_asym_ln-min": -0.2,
    "6mwt-gp_nb-stride_len_asym_ln-max": 0.0,
    "6mwt-gp_nb-stride_len_asym_ln-q95": -0.002,
    "6mwt-gp_nb-stride_len_asym_ln-cv": -0.828,
    "6mwt-gp_nb-step_len_asym_ln-mean": -0.185,
    "6mwt-gp_nb-step_len_asym_ln-std": 0.076,
    "6mwt-gp_nb-step_len_asym_ln-median": -0.19,
    "6mwt-gp_nb-step_len_asym_ln-min": -0.464,
    "6mwt-gp_nb-step_len_asym_ln-max": 0.0,
    "6mwt-gp_nb-step_len_asym_ln-q95": -0.05,
    "6mwt-gp_nb-step_len_asym_ln-cv": -0.411,
    "6mwt-perc_not_walking": 3.317219536589433,
    "6mwt-perc_not_moving": 0.0,
    "6mwt-large_turns_per_min": 0.16667916760423698
  }
}
