{
  "6mwt": {
    "6mwt-distance_walked": 649.9905263185501,
    "6mwt-distance_walked_sc_hbsl": 489.99099999999993,
    "6mwt-walking_speed_non_stop-mean": 1.637567025851535,
    "6mwt-lee_2min-sc": 230,
    "6mwt-lee_2min-step_dur-mean": 0.5215720524017468,
    "6mwt-lee_2min-step_dur-std": 0.1232639811139792,
    "6mwt-lee_2min-step_dur-median": 0.52,
    "6mwt-lee_2min-step_dur-min": 0.32,
    "6mwt-lee_2min-step_dur-max": 1.04,
    "6mwt-lee_lb-sc": 697,
    "6mwt-lee_lb-step_dur-mean": 0.5163793103448275,
    "6mwt-lee_lb-step_dur-std": 0.12417020033187892,
    "6mwt-lee_lb-step_dur-median": 0.52,
    "6mwt-lee_lb-step_dur-min": 0.30000000000000004,
    "6mwt-lee_lb-step_dur-max": 1.04,
    "6mwt-lee_ab-sc": 697,
    "6mwt-lee_ab-step_dur-mean": 0.5163793103448275,
    "6mwt-lee_ab-step_dur-std": 0.12417020033187892,
    "6mwt-lee_ab-step_dur-median": 0.52,
    "6mwt-lee_ab-step_dur-min": 0.30000000000000004,
    "6mwt-lee_ab-step_dur-max": 1.04,
    "6mwt-lee_nb-sc": 698,
    "6mwt-lee_nb-step_dur-mean": 0.5163558106169297,
    "6mwt-lee_nb-step_dur-std": 0.12408251656883831,
    "6mwt-lee_nb-step_dur-median": 0.52,
    "6mwt-lee_nb-step_dur-min": 0.30000000000000004,
    "6mwt-lee_nb-step_dur-max": 1.04,
    "6mwt-gp_2min-stride_dur-mean": 1.037,
    "6mwt-gp_2min-stride_dur-std": 0.019,
    "6mwt-gp_2min-stride_dur-median": 1.04,
    "6mwt-gp_2min-stride_dur-min": 0.98,
    "6mwt-gp_2min-stride_dur-max": 1.08,
    "6mwt-gp_2min-stride_dur_asym-mean": 0.013,
    "6mwt-gp_2min-stride_dur_asym-std": 0.013,
    "6mwt-gp_2min-stride_dur_asym-median": 0.02,
    "6mwt-gp_2min-stride_dur_asym-min": 0.0,
    "6mwt-gp_2min-stride_dur_asym-max": 0.06,
    "6mwt-gp_2min-step_dur-mean": 0.518,
    "6mwt-gp_2min-step_dur-std": 0.017,
    "6mwt-gp_2min-step_dur-median": 0.52,
    "6mwt-gp_2min-step_dur-min": 0.48,
    "6mwt-gp_2min-step_dur-max": 0.56,
    "6mwt-gp_2min-step_dur_asym-mean": 0.022,
    "6mwt-gp_2min-step_dur_asym-std": 0.016,
    "6mwt-gp_2min-step_dur_asym-median": 0.02,
    "6mwt-gp_2min-step_dur_asym-min": 0.0,
    "6mwt-gp_2min-step_dur_asym-max": 0.06,
    "6mwt-gp_2min-cadence-mean": 115.885,
    "6mwt-gp_2min-cadence-std": 3.738,
    "6mwt-gp_2min-cadence-median": 115.385,
    "6mwt-gp_2min-cadence-min": 107.143,
    "6mwt-gp_2min-cadence-max": 125.0,
    "6mwt-gp_2min-init_double_supp-mean": 0.127,
    "6mwt-gp_2min-init_double_supp-std": 0.01,
    "6mwt-gp_2min-init_double_supp-median": 0.12,
    "6mwt-gp_2min-init_double_supp-min": 0.1,
    "6mwt-gp_2min-init_double_supp-max": 0.14,
    "6mwt-gp_2min-init_double_supp_asym-mean": 0.01,
    "6mwt-gp_2min-init_double_supp_asym-std": 0.01,
    "6mwt-gp_2min-init_double_supp_asym-median": 0.0,
    "6mwt-gp_2min-init_double_supp_asym-min": 0.0,
    "6mwt-gp_2min-init_double_supp_asym-max": 0.04,
    "6mwt-gp_2min-term_double_supp-mean": 0.127,
    "6mwt-gp_2min-term_double_supp-std": 0.01,
    "6mwt-gp_2min-term_double_supp-median": 0.12,
    "6mwt-gp_2min-term_double_supp-min": 0.1,
    "6mwt-gp_2min-term_double_supp-max": 0.14,
    "6mwt-gp_2min-term_double_supp_asym-mean": 0.01,
    "6mwt-gp_2min-term_double_supp_asym-std": 0.01,
    "6mwt-gp_2min-term_double_supp_asym-median": 0.0,
    "6mwt-gp_2min-term_double_supp_asym-min": 0.0,
    "6mwt-gp_2min-term_double_supp_asym-max": 0.04,
    "6mwt-gp_2min-double_supp-mean": 0.255,
    "6mwt-gp_2min-double_supp-std": 0.014,
    "6mwt-gp_2min-double_supp-median": 0.26,
    "6mwt-gp_2min-double_supp-min": 0.22,
    "6mwt-gp_2min-double_supp-max": 0.28,
    "6mwt-gp_2min-double_supp_asym-mean": 0.009,
    "6mwt-gp_2min-double_supp_asym-std": 0.01,
    "6mwt-gp_2min-double_supp_asym-median": 0.0,
    "6mwt-gp_2min-double_supp_asym-min": 0.0,
    "6mwt-gp_2min-double_supp_asym-max": 0.02,
    "6mwt-gp_2min-single_limb_supp-mean": 0.391,
    "6mwt-gp_2min-single_limb_supp-std": 0.016,
    "6mwt-gp_2min-single_limb_supp-median": 0.4,
    "6mwt-gp_2min-single_limb_supp-min": 0.36,
    "6mwt-gp_2min-single_limb_supp-max": 0.44,
    "6mwt-gp_2min-single_limb_supp_asym-mean": 0.021,
    "6mwt-gp_2min-single_limb_supp_asym-std": 0.016,
    "6mwt-gp_2min-single_limb_supp_asym-median": 0.02,
    "6mwt-gp_2min-single_limb_supp_asym-min": 0.0,
    "6mwt-gp_2min-single_limb_supp_asym-max": 0.06,
    "6mwt-gp_2min-stance-mean": 0.645,
    "6mwt-gp_2min-stance-std": 0.019,
    "6mwt-gp_2min-stance-median": 0.64,
    "6mwt-gp_2min-stance-min": 0.6,
    "6mwt-gp_2min-stance-max": 0.7,
    "6mwt-gp_2min-stance_asym-mean": 0.022,
    "6mwt-gp_2min-stance_asym-std": 0.016,
    "6mwt-gp_2min-stance_asym-median": 0.02,
    "6mwt-gp_2min-stance_asym-min": 0.0,
    "6mwt-gp_2min-stance_asym-max": 0.08,
    "6mwt-gp_2min-swing-mean": 0.391,
    "6mwt-gp_2min-swing-std": 0.016,
    "6mwt-gp_2min-swing-median": 0.4,
    "6mwt-gp_2min-swing-min": 0.36,
    "6mwt-gp_2min-swing-max": 0.44,
    "6mwt-gp_2min-swing_asym-mean": 0.021,
    "6mwt-gp_2min-swing_asym-std": 0.016,
    "6mwt-gp_2min-swing_asym-median": 0.02,
    "6mwt-gp_2min-swing_asym-min": 0.0,
    "6mwt-gp_2min-swing_asym-max": 0.06,
    "6mwt-gp_2min-sc": 211,
    "6mwt-gp_lb-stride_dur-mean": 1.025,
    "6mwt-gp_lb-stride_dur-std": 0.023,
    "6mwt-gp_lb-stride_dur-median": 1.02,
    "6mwt-gp_lb-stride_dur-min": 0.96,
    "6mwt-gp_lb-stride_dur-max": 1.08,
    "6mwt-gp_lb-stride_dur_asym-mean": 0.011,
    "6mwt-gp_lb-stride_dur_asym-std": 0.013,
    "6mwt-gp_lb-stride_dur_asym-median": 0.0,
    "6mwt-gp_lb-stride_dur_asym-min": 0.0,
    "6mwt-gp_lb-stride_dur_asym-max": 0.06,
    "6mwt-gp_lb-step_dur-mean": 0.512,
    "6mwt-gp_lb-step_dur-std": 0.019,
    "6mwt-gp_lb-step_dur-median": 0.52,
    "6mwt-gp_lb-step_dur-min": 0.46,
    "6mwt-gp_lb-step_dur-max": 0.56,
    "6mwt-gp_lb-step_dur_asym-mean": 0.024,
    "6mwt-gp_lb-step_dur_asym-std": 0.016,
    "6mwt-gp_lb-step_dur_asym-median": 0.02,
    "6mwt-gp_lb-step_dur_asym-min": 0.0,
    "6mwt-gp_lb-step_dur_asym-max": 0.08,
    "6mwt-gp_lb-cadence-mean": 117.242,
    "6mwt-gp_lb-cadence-std": 4.31,
    "6mwt-gp_lb-cadence-median": 115.385,
    "6mwt-gp_lb-cadence-min": 107.143,
    "6mwt-gp_lb-cadence-max": 130.435,
    "6mwt-gp_lb-init_double_supp-mean": 0.125,
    "6mwt-gp_lb-init_double_supp-std": 0.009,
    "6mwt-gp_lb-init_double_supp-median": 0.12,
    "6mwt-gp_lb-init_double_supp-min": 0.1,
    "6mwt-gp_lb-init_double_supp-max": 0.14,
    "6mwt-gp_lb-init_double_supp_asym-mean": 0.008,
    "6mwt-gp_lb-init_double_supp_asym-std": 0.01,
    "6mwt-gp_lb-init_double_supp_asym-median": 0.0,
    "6mwt-gp_lb-init_double_supp_asym-min": 0.0,
    "6mwt-gp_lb-init_double_supp_asym-max": 0.04,
    "6mwt-gp_lb-term_double_supp-mean": 0.125,
    "6mwt-gp_lb-term_double_supp-std": 0.009,
    "6mwt-gp_lb-term_double_supp-median": 0.12,
    "6mwt-gp_lb-term_double_supp-min": 0.1,
    "6mwt-gp_lb-term_double_supp-max": 0.14,
    "6mwt-gp_lb-term_double_supp_asym-mean": 0.008,
    "6mwt-gp_lb-term_double_supp_asym-std": 0.01,
    "6mwt-gp_lb-term_double_supp_asym-median": 0.0,
    "6mwt-gp_lb-term_double_supp_asym-min": 0.0,
    "6mwt-gp_lb-term_double_supp_asym-max": 0.04,
    "6mwt-gp_lb-double_supp-mean": 0.25,
    "6mwt-gp_lb-double_supp-std": 0.014,
    "6mwt-gp_lb-double_supp-median": 0.24,
    "6mwt-gp_lb-double_supp-min": 0.22,
    "6mwt-gp_lb-double_supp-max": 0.28,
    "6mwt-gp_lb-double_supp_asym-mean": 0.007,
    "6mwt-gp_lb-double_supp_asym-std": 0.01,
    "6mwt-gp_lb-double_supp_asym-median": 0.0,
    "6mwt-gp_lb-double_supp_asym-min": 0.0,
    "6mwt-gp_lb-double_supp_asym-max": 0.02,
    "6mwt-gp_lb-single_limb_supp-mean": 0.388,
    "6mwt-gp_lb-single_limb_supp-std": 0.017,
    "6mwt-gp_lb-single_limb_supp-median": 0.38,
    "6mwt-gp_lb-single_limb_supp-min": 0.34,
    "6mwt-gp_lb-single_limb_supp-max": 0.44,
    "6mwt-gp_lb-single_limb_supp_asym-mean": 0.022,
    "6mwt-gp_lb-single_limb_supp_asym-std": 0.016,
    "6mwt-gp_lb-single_limb_supp_asym-median": 0.02,
    "6mwt-gp_lb-single_limb_supp_asym-min": 0.0,
    "6mwt-gp_lb-single_limb_supp_asym-max": 0.08,
    "6mwt-gp_lb-stance-mean": 0.637,
    "6mwt-gp_lb-stance-std": 0.021,
    "6mwt-gp_lb-stance-median": 0.64,
    "6mwt-gp_lb-stance-min": 0.58,
    "6mwt-gp_lb-stance-max": 0.7,
    "6mwt-gp_lb-stance_asym-mean": 0.023,
    "6mwt-gp_lb-stance_asym-std": 0.016,
    "6mwt-gp_lb-stance_asym-median": 0.02,
    "6mwt-gp_lb-stance_asym-min": 0.0,
    "6mwt-gp_lb-stance_asym-max": 0.08,
    "6mwt-gp_lb-swing-mean": 0.388,
    "6mwt-gp_lb-swing-std": 0.017,
    "6mwt-gp_lb-swing-median": 0.38,
    "6mwt-gp_lb-swing-min": 0.34,
    "6mwt-gp_lb-swing-max": 0.44,
    "6mwt-gp_lb-swing_asym-mean": 0.022,
    "6mwt-gp_lb-swing_asym-std": 0.016,
    "6mwt-gp_lb-swing_asym-median": 0.02,
    "6mwt-gp_lb-swing_asym-min": 0.0,
    "6mwt-gp_lb-swing_asym-max": 0.08,
    "6mwt-gp_lb-sc": 349,
    "6mwt-gp_ab-stride_dur-mean": 1.02,
    "6mwt-gp_ab-stride_dur-std": 0.021,
    "6mwt-gp_ab-stride_dur-median": 1.02,
    "6mwt-gp_ab-stride_dur-min": 0.94,
    "6mwt-gp_ab-stride_dur-max": 1.1,
    "6mwt-gp_ab-stride_dur_asym-mean": 0.012,
    "6mwt-gp_ab-stride_dur_asym-std": 0.014,
    "6mwt-gp_ab-stride_dur_asym-median": 0.02,
    "6mwt-gp_ab-stride_dur_asym-min": 0.0,
    "6mwt-gp_ab-stride_dur_asym-max": 0.08,
    "6mwt-gp_ab-step_dur-mean": 0.51,
    "6mwt-gp_ab-step_dur-std": 0.019,
    "6mwt-gp_ab-step_dur-median": 0.52,
    "6mwt-gp_ab-step_dur-min": 0.44,
    "6mwt-gp_ab-step_dur-max": 0.58,
    "6mwt-gp_ab-step_dur_asym-mean": 0.026,
    "6mwt-gp_ab-step_dur_asym-std": 0.018,
    "6mwt-gp_ab-step_dur_asym-median": 0.02,
    "6mwt-gp_ab-step_dur_asym-min": 0.0,
    "6mwt-gp_ab-step_dur_asym-max": 0.14,
    "6mwt-gp_ab-cadence-mean": 117.86,
    "6mwt-gp_ab-cadence-std": 4.431,
    "6mwt-gp_ab-cadence-median": 115.385,
    "6mwt-gp_ab-cadence-min": 103.448,
    "6mwt-gp_ab-cadence-max": 136.364,
    "6mwt-gp_ab-init_double_supp-mean": 0.124,
    "6mwt-gp_ab-init_double_supp-std": 0.009,
    "6mwt-gp_ab-init_double_supp-median": 0.12,
    "6mwt-gp_ab-init_double_supp-min": 0.1,
    "6mwt-gp_ab-init_double_supp-max": 0.14,
    "6mwt-gp_ab-init_double_supp_asym-mean": 0.009,
    "6mwt-gp_ab-init_double_supp_asym-std": 0.01,
    "6mwt-gp_ab-init_double_supp_asym-median": 0.0,
    "6mwt-gp_ab-init_double_supp_asym-min": 0.0,
    "6mwt-gp_ab-init_double_supp_asym-max": 0.04,
    "6mwt-gp_ab-term_double_supp-mean": 0.124,
    "6mwt-gp_ab-term_double_supp-std": 0.009,
    "6mwt-gp_ab-term_double_supp-median": 0.12,
    "6mwt-gp_ab-term_double_supp-min": 0.1,
    "6mwt-gp_ab-term_double_supp-max": 0.14,
    "6mwt-gp_ab-term_double_supp_asym-mean": 0.009,
    "6mwt-gp_ab-term_double_supp_asym-std": 0.01,
    "6mwt-gp_ab-term_double_supp_asym-median": 0.0,
    "6mwt-gp_ab-term_double_supp_asym-min": 0.0,
    "6mwt-gp_ab-term_double_supp_asym-max": 0.04,
    "6mwt-gp_ab-double_supp-mean": 0.249,
    "6mwt-gp_ab-double_supp-std": 0.013,
    "6mwt-gp_ab-double_supp-median": 0.24,
    "6mwt-gp_ab-double_supp-min": 0.22,
    "6mwt-gp_ab-double_supp-max": 0.28,
    "6mwt-gp_ab-double_supp_asym-mean": 0.007,
    "6mwt-gp_ab-double_supp_asym-std": 0.01,
    "6mwt-gp_ab-double_supp_asym-median": 0.0,
    "6mwt-gp_ab-double_supp_asym-min": 0.0,
    "6mwt-gp_ab-double_supp_asym-max": 0.04,
    "6mwt-gp_ab-single_limb_supp-mean": 0.385,
    "6mwt-gp_ab-single_limb_supp-std": 0.018,
    "6mwt-gp_ab-single_limb_supp-median": 0.38,
    "6mwt-gp_ab-single_limb_supp-min": 0.3,
    "6mwt-gp_ab-single_limb_supp-max": 0.46,
    "6mwt-gp_ab-single_limb_supp_asym-mean": 0.025,
    "6mwt-gp_ab-single_limb_supp_asym-std": 0.018,
    "6mwt-gp_ab-single_limb_supp_asym-median": 0.02,
    "6mwt-gp_ab-single_limb_supp_asym-min": 0.0,
    "6mwt-gp_ab-single_limb_supp_asym-max": 0.16,
    "6mwt-gp_ab-stance-mean": 0.634,
    "6mwt-gp_ab-stance-std": 0.021,
    "6mwt-gp_ab-stance-median": 0.64,
    "6mwt-gp_ab-stance-min": 0.54,
    "6mwt-gp_ab-stance-max": 0.72,
    "6mwt-gp_ab-stance_asym-mean": 0.026,
    "6mwt-gp_ab-stance_asym-std": 0.018,
    "6mwt-gp_ab-stance_asym-median": 0.02,
    "6mwt-gp_ab-stance_asym-min": 0.0,
    "6mwt-gp_ab-stance_asym-max": 0.18,
    "6mwt-gp_ab-swing-mean": 0.386,
    "6mwt-gp_ab-swing-std": 0.018,
    "6mwt-gp_ab-swing-median": 0.38,
    "6mwt-gp_ab-swing-min": 0.3,
    "6mwt-gp_ab-swing-max": 0.46,
    "6mwt-gp_ab-swing_asym-mean": 0.025,
    "6mwt-gp_ab-swing_asym-std": 0.018,
    "6mwt-gp_ab-swing_asym-median": 0.02,
    "6mwt-gp_ab-swing_asym-min": 0.0,
    "6mwt-gp_ab-swing_asym-max": 0.16,
    "6mwt-gp_ab-sc": 680,
    "6mwt-gp_nb-stride_dur-mean": 1.021,
    "6mwt-gp_nb-stride_dur-std": 0.024,
    "6mwt-gp_nb-stride_dur-median": 1.02,
    "6mwt-gp_nb-stride_dur-min": 0.94,
    "6mwt-gp_nb-stride_dur-max": 1.16,
    "6mwt-gp_nb-stride_dur_asym-mean": 0.013,
    "6mwt-gp_nb-stride_dur_asym-std": 0.015,
    "6mwt-gp_nb-stride_dur_asym-median": 0.02,
    "6mwt-gp_nb-stride_dur_asym-min": 0.0,
    "6mwt-gp_nb-stride_dur_asym-max": 0.1,
    "6mwt-gp_nb-step_dur-mean": 0.511,
    "6mwt-gp_nb-step_dur-std": 0.02,
    "6mwt-gp_nb-step_dur-median": 0.52,
    "6mwt-gp_nb-step_dur-min": 0.44,
    "6mwt-gp_nb-step_dur-max": 0.6,
    "6mwt-gp_nb-step_dur_asym-mean": 0.026,
    "6mwt-gp_nb-step_dur_asym-std": 0.018,
    "6mwt-gp_nb-step_dur_asym-median": 0.02,
    "6mwt-gp_nb-step_dur_asym-min": 0.0,
    "6mwt-gp_nb-step_dur_asym-max": 0.14,
    "6mwt-gp_nb-cadence-mean": 117.66,
    "6mwt-gp_nb-cadence-std": 4.608,
    "6mwt-gp_nb-cadence-median": 115.385,
    "6mwt-gp_nb-cadence-min": 100.0,
    "6mwt-gp_nb-cadence-max": 136.364,
    "6mwt-gp_nb-init_double_supp-mean": 0.125,
    "6mwt-gp_nb-init_double_supp-std": 0.01,
    "6mwt-gp_nb-init_double_supp-median": 0.12,
    "6mwt-gp_nb-init_double_supp-min": 0.1,
    "6mwt-gp_nb-init_double_supp-max": 0.16,
    "6mwt-gp_nb-init_double_supp_asym-mean": 0.009,
    "6mwt-gp_nb-init_double_supp_asym-std": 0.011,
    "6mwt-gp_nb-init_double_supp_asym-median": 0.0,
    "6mwt-gp_nb-init_double_supp_asym-min": 0.0,
    "6mwt-gp_nb-init_double_supp_asym-max": 0.04,
    "6mwt-gp_nb-term_double_supp-mean": 0.125,
    "6mwt-gp_nb-term_double_supp-std": 0.01,
    "6mwt-gp_nb-term_double_supp-median": 0.12,
    "6mwt-gp_nb-term_double_supp-min": 0.1,
    "6mwt-gp_nb-term_double_supp-max": 0.16,
    "6mwt-gp_nb-term_double_supp_asym-mean": 0.009,
    "6mwt-gp_nb-term_double_supp_asym-std": 0.011,
    "6mwt-gp_nb-term_double_supp_asym-median": 0.0,
    "6mwt-gp_nb-term_double_supp_asym-min": 0.0,
    "6mwt-gp_nb-term_double_supp_asym-max": 0.04,
    "6mwt-gp_nb-double_supp-mean": 0.249,
    "6mwt-gp_nb-double_supp-std": 0.013,
    "6mwt-gp_nb-double_supp-median": 0.24,
    "6mwt-gp_nb-double_supp-min": 0.22,
    "6mwt-gp_nb-double_supp-max": 0.28,
    "6mwt-gp_nb-double_supp_asym-mean": 0.007,
    "6mwt-gp_nb-double_supp_asym-std": 0.01,
    "6mwt-gp_nb-double_supp_asym-median": 0.0,
    "6mwt-gp_nb-double_supp_asym-min": 0.0,
    "6mwt-gp_nb-double_supp_asym-max": 0.04,
    "6mwt-gp_nb-single_limb_supp-mean": 0.386,
    "6mwt-gp_nb-single_limb_supp-std": 0.019,
    "6mwt-gp_nb-single_limb_supp-median": 0.38,
    "6mwt-gp_nb-single_limb_supp-min": 0.3,
    "6mwt-gp_nb-single_limb_supp-max": 0.48,
    "6mwt-gp_nb-single_limb_supp_asym-mean": 0.025,
    "6mwt-gp_nb-single_limb_supp_asym-std": 0.018,
    "6mwt-gp_nb-single_limb_supp_asym-median": 0.02,
    "6mwt-gp_nb-single_limb_supp_asym-min": 0.0,
    "6mwt-gp_nb-single_limb_supp_asym-max": 0.16,
    "6mwt-gp_nb-stance-mean": 0.635,
    "6mwt-gp_nb-stance-std": 0.023,
    "6mwt-gp_nb-stance-median": 0.64,
    "6mwt-gp_nb-stance-min": 0.54,
    "6mwt-gp_nb-stance-max": 0.74,
    "6mwt-gp_nb-stance_asym-mean": 0.026,
    "6mwt-gp_nb-stance_asym-std": 0.019,
    "6mwt-gp_nb-stance_asym-median": 0.02,
    "6mwt-gp_nb-stance_asym-min": 0.0,
    "6mwt-gp_nb-stance_asym-max": 0.18,
    "6mwt-gp_nb-swing-mean": 0.386,
    "6mwt-gp_nb-swing-std": 0.019,
    "6mwt-gp_nb-swing-median": 0.38,
    "6mwt-gp_nb-swing-min": 0.3,
    "6mwt-gp_nb-swing-max": 0.48,
    "6mwt-gp_nb-swing_asym-mean": 0.025,
    "6mwt-gp_nb-swing_asym-std": 0.018,
    "6mwt-gp_nb-swing_asym-median": 0.02,
    "6mwt-gp_nb-swing_asym-min": 0.0,
    "6mwt-gp_nb-swing_asym-max": 0.16,
    "6mwt-gp_2min-stride_dur-q95": 1.08,
    "6mwt-gp_2min-stride_dur_asym-q95": 0.04,
    "6mwt-gp_2min-step_dur-q95": 0.54,
    "6mwt-gp_2min-step_dur_asym-q95": 0.04,
    "6mwt-gp_2min-cadence-q95": 120.0,
    "6mwt-gp_2min-init_double_supp-q95": 0.14,
    "6mwt-gp_2min-init_double_supp_asym-q95": 0.02,
    "6mwt-gp_2min-term_double_supp-q95": 0.14,
    "6mwt-gp_2min-term_double_supp_asym-q95": 0.02,
    "6mwt-gp_2min-double_supp-q95": 0.28,
    "6mwt-gp_2min-double_supp_asym-q95": 0.02,
    "6mwt-gp_2min-single_limb_supp-q95": 0.42,
    "6mwt-gp_2min-single_limb_supp_asym-q95": 0.04,
    "6mwt-gp_2min-stance-q95": 0.68,
    "6mwt-gp_2min-stance_asym-q95": 0.04,
    "6mwt-gp_2min-swing-q95": 0.42,
    "6mwt-gp_2min-swing_asym-q95": 0.04,
    "6mwt-gp_lb-stride_dur-q95": 1.06,
    "6mwt-gp_lb-stride_dur_asym-q95": 0.04,
    "6mwt-gp_lb-step_dur-q95": 0.54,
    "6mwt-gp_lb-step_dur_asym-q95": 0.055,
    "6mwt-gp_lb-cadence-q95": 125.0,
    "6mwt-gp_lb-init_double_supp-q95": 0.14,
    "6mwt-gp_lb-init_double_supp_asym-q95": 0.02,
    "6mwt-gp_lb-term_double_supp-q95": 0.14,
    "6mwt-gp_lb-term_double_supp_asym-q95": 0.02,
    "6mwt-gp_lb-double_supp-q95": 0.28,
    "6mwt-gp_lb-double_supp_asym-q95": 0.02,
    "6mwt-gp_lb-single_limb_supp-q95": 0.42,
    "6mwt-gp_lb-single_limb_supp_asym-q95": 0.04,
    "6mwt-gp_lb-stance-q95": 0.68,
    "6mwt-gp_lb-stance_asym-q95": 0.04,
    "6mwt-gp_lb-swing-q95": 0.42,
    "6mwt-gp_lb-swing_asym-q95": 0.04,
    "6mwt-gp_ab-stride_dur-q95": 1.06,
    "6mwt-gp_ab-stride_dur_asym-q95": 0.04,
    "6mwt-gp_ab-step_dur-q95": 0.54,
    "6mwt-gp_ab-step_dur_asym-q95": 0.06,
    "6mwt-gp_ab-cadence-q95": 125.0,
    "6mwt-gp_ab-init_double_supp-q95": 0.14,
    "6mwt-gp_ab-init_double_supp_asym-q95": 0.02,
    "6mwt-gp_ab-term_double_supp-q95": 0.14,
    "6mwt-gp_ab-term_double_supp_asym-q95": 0.02,
    "6mwt-gp_ab-double_supp-q95": 0.265,
    "6mwt-gp_ab-double_supp_asym-q95": 0.02,
    "6mwt-gp_ab-single_limb_supp-q95": 0.42,
    "6mwt-gp_ab-single_limb_supp_asym-q95": 0.06,
    "6mwt-gp_ab-stance-q95": 0.66,
    "6mwt-gp_ab-stance_asym-q95": 0.06,
    "6mwt-gp_ab-swing-q95": 0.42,
    "6mwt-gp_ab-swing_asym-q95": 0.06,
    "6mwt-gp_nb-stride_dur-q95": 1.06,
    "6mwt-gp_nb-stride_dur_asym-q95": 0.04,
    "6mwt-gp_nb-step_dur-q95": 0.54,
    "6mwt-gp_nb-step_dur_asym-q95": 0.06,
    "6mwt-gp_nb-cadence-q95": 125.0,
    "6mwt-gp_nb-init_double_supp-q95": 0.14,
    "6mwt-gp_nb-init_double_supp_asym-q95": 0.02,
    "6mwt-gp_nb-term_double_supp-q95": 0.14,
    "6mwt-gp_nb-term_double_supp_asym-q95": 0.02,
    "6mwt-gp_nb-double_supp-q95": 0.28,
    "6mwt-gp_nb-double_supp_asym-q95": 0.02,
    "6mwt-gp_nb-single_limb_supp-q95": 0.42,
    "6mwt-gp_nb-single_limb_supp_asym-q95": 0.06,
    "6mwt-gp_nb-stance-q95": 0.68,
    "6mwt-gp_nb-stance_asym-q95": 0.06,
    "6mwt-gp_nb-swing-q95": 0.42,
    "6mwt-gp_nb-swing_asym-q95": 0.06,
    "6mwt-gp_2min-stride_dur-cv": 0.019,
    "6mwt-gp_2min-stride_dur_asym-cv": 1.057,
    "6mwt-gp_2min-step_dur-cv": 0.032,
    "6mwt-gp_2min-step_dur_asym-cv": 0.75,
    "6mwt-gp_2min-cadence-cv": 0.032,
    "6mwt-gp_2min-init_double_supp-cv": 0.079,
    "6mwt-gp_2min-init_double_supp_asym-cv": 1.025,
    "6mwt-gp_2min-term_double_supp-cv": 0.079,
    "6mwt-gp_2min-term_double_supp_asym-cv": 1.025,
    "6mwt-gp_2min-double_supp-cv": 0.054,
    "6mwt-gp_2min-double_supp_asym-cv": 1.118,
    "6mwt-gp_2min-single_limb_supp-cv": 0.041,
    "6mwt-gp_2min-single_limb_supp_asym-cv": 0.747,
    "6mwt-gp_2min-stance-cv": 0.029,
    "6mwt-gp_2min-stance_asym-cv": 0.712,
    "6mwt-gp_2min-swing-cv": 0.041,
    "6mwt-gp_2min-swing_asym-cv": 0.745,
    "6mwt-gp_lb-stride_dur-cv": 0.023,
    "6mwt-gp_lb-stride_dur_asym-cv": 1.187,
    "6mwt-gp_lb-step_dur-cv": 0.037,
    "6mwt-gp_lb-step_dur_asym-cv": 0.671,
    "6mwt-gp_lb-cadence-cv": 0.037,
    "6mwt-gp_lb-init_double_supp-cv": 0.076,
    "6mwt-gp_lb-init_double_supp_asym-cv": 1.236,
    "6mwt-gp_lb-term_double_supp-cv": 0.076,
    "6mwt-gp_lb-term_double_supp_asym-cv": 1.236,
    "6mwt-gp_lb-double_supp-cv": 0.055,
    "6mwt-gp_lb-double_supp_asym-cv": 1.34,
    "6mwt-gp_lb-single_limb_supp-cv": 0.043,
    "6mwt-gp_lb-single_limb_supp_asym-cv": 0.713,
    "6mwt-gp_lb-stance-cv": 0.033,
    "6mwt-gp_lb-stance_asym-cv": 0.681,
    "6mwt-gp_lb-swing-cv": 0.043,
    "6mwt-gp_lb-swing_asym-cv": 0.711,
    "6mwt-gp_ab-stride_dur-cv": 0.021,
    "6mwt-gp_ab-stride_dur_asym-cv": 1.126,
    "6mwt-gp_ab-step_dur-cv": 0.037,
    "6mwt-gp_ab-step_dur_asym-cv": 0.688,
    "6mwt-gp_ab-cadence-cv": 0.038,
    "6mwt-gp_ab-init_double_supp-cv": 0.075,
    "6mwt-gp_ab-init_double_supp_asym-cv": 1.209,
    "6mwt-gp_ab-term_double_supp-cv": 0.075,
    "6mwt-gp_ab-term_double_supp_asym-cv": 1.213,
    "6mwt-gp_ab-double_supp-cv": 0.052,
    "6mwt-gp_ab-double_supp_asym-cv": 1.404,
    "6mwt-gp_ab-single_limb_supp-cv": 0.047,
    "6mwt-gp_ab-single_limb_supp_asym-cv": 0.704,
    "6mwt-gp_ab-stance-cv": 0.034,
    "6mwt-gp_ab-stance_asym-cv": 0.691,
    "6mwt-gp_ab-swing-cv": 0.047,
    "6mwt-gp_ab-swing_asym-cv": 0.703,
    "6mwt-gp_nb-stride_dur-cv": 0.024,
    "6mwt-gp_nb-stride_dur_asym-cv": 1.148,
    "6mwt-gp_nb-step_dur-cv": 0.039,
    "6mwt-gp_nb-step_dur_asym-cv": 0.705,
    "6mwt-gp_nb-cadence-cv": 0.039,
    "6mwt-gp_nb-init_double_supp-cv": 0.077,
    "6mwt-gp_nb-init_double_supp_asym-cv": 1.2,
    "6mwt-gp_nb-term_double_supp-cv": 0.077,
    "6mwt-gp_nb-term_double_supp_asym-cv": 1.204,
    "6mwt-gp_nb-double_supp-cv": 0.053,
    "6mwt-gp_nb-double_supp_asym-cv": 1.371,
    "6mwt-gp_nb-single_limb_supp-cv": 0.049,
    "6mwt-gp_nb-single_limb_supp_asym-cv": 0.728,
    "6mwt-gp_nb-stance-cv": 0.036,
    "6mwt-gp_nb-stance_asym-cv": 0.715,
    "6mwt-gp_nb-swing-cv": 0.049,
    "6mwt-gp_nb-swing_asym-cv": 0.728,
    "6mwt-gp_2min-sp-mean": 14.539677665750114,
    "6mwt-gp_2min-sp-std": 4.677295244773651,
    "6mwt-gp_2min-sp-median": 15.13974595874874,
    "6mwt-gp_2min-sp-min": 6.032409167976997,
    "6mwt-gp_2min-sp-max": 25.903471760553906,
    "6mwt-gp_2min-sp-q95": 21.527044085031342,
    "6mwt-gp_lb-sp-mean": 15.411476084545505,
    "6mwt-gp_lb-sp-std": 5.324907674259513,
    "6mwt-gp_lb-sp-median": 16.036806795069275,
    "6mwt-gp_lb-sp-min": 6.032409167976997,
    "6mwt-gp_lb-sp-max": 29.579030734462563,
    "6mwt-gp_lb-sp-q95": 24.097011792372534,
    "6mwt-gp_ab-sp-mean": 16.0900968233599,
    "6mwt-gp_ab-sp-std": 5.220930403896213,
    "6mwt-gp_ab-sp-median": 16.748009236445895,
    "6mwt-gp_ab-sp-min": 6.032409167976997,
    "6mwt-gp_ab-sp-max": 44.834289041209125,
    "6mwt-gp_ab-sp-q95": 24.146567876179915,
    "6mwt-gp_nb-sp-mean": 15.97877557269496,
    "6mwt-gp_nb-sp-std": 5.301999045054632,
    "6mwt-gp_nb-sp-median": 16.449545210133575,
    "6mwt-gp_nb-sp-min": 2.6681119118920673,
    "6mwt-gp_nb-sp-max": 44.834289041209125,
    "6mwt-gp_nb-sp-q95": 24.154218310392835,
    "6mwt-gp_2min-step_regularity-mean": 0.6938427811742188,
    "6mwt-gp_2min-step_regularity-std": 0.03839389077492046,
    "6mwt-gp_2min-step_regularity-median": 0.6975083840825693,
    "6mwt-gp_2min-step_regularity-min": 0.6183835404355018,
    "6mwt-gp_2min-step_regularity-max": 0.7607095341721561,
    "6mwt-gp_2min-stride_regularity-mean": 0.900768664082178,
    "6mwt-gp_2min-stride_regularity-std": 0.036439093544315536,
    "6mwt-gp_2min-stride_regularity-median": 0.9065104899446718,
    "6mwt-gp_2min-stride_regularity-min": 0.7865086818730405,
    "6mwt-gp_2min-stride_regularity-max": 0.9630402522183165,
    "6mwt-gp_lb-step_regularity-mean": 0.6880632106440796,
    "6mwt-gp_lb-step_regularity-std": 0.03302292236162116,
    "6mwt-gp_lb-step_regularity-median": 0.6869527207299974,
    "6mwt-gp_lb-step_regularity-min": 0.6183835404355018,
    "6mwt-gp_lb-step_regularity-max": 0.7607095341721561,
    "6mwt-gp_lb-stride_regularity-mean": 0.9013371821676873,
    "6mwt-gp_lb-stride_regularity-std": 0.03401076174017533,
    "6mwt-gp_lb-stride_regularity-median": 0.9031684561210322,
    "6mwt-gp_lb-stride_regularity-min": 0.7865086818730405,
    "6mwt-gp_lb-stride_regularity-max": 0.9630402522183165,
    "6mwt-gp_ab-step_regularity-mean": 0.6844154916829863,
    "6mwt-gp_ab-step_regularity-std": 0.03085870168792846,
    "6mwt-gp_ab-step_regularity-median": 0.6854260751841872,
    "6mwt-gp_ab-step_regularity-min": 0.6111831799382749,
    "6mwt-gp_ab-step_regularity-max": 0.7607095341721561,
    "6mwt-gp_ab-stride_regularity-mean": 0.8967073700481183,
    "6mwt-gp_ab-stride_regularity-std": 0.04111405999102806,
    "6mwt-gp_ab-stride_regularity-median": 0.9027912462374921,
    "6mwt-gp_ab-stride_regularity-min": 0.7335359847641013,
    "6mwt-gp_ab-stride_regularity-max": 0.9630402522183165,
    "6mwt-gp_nb-step_regularity-mean": 0.6826068030317616,
    "6mwt-gp_nb-step_regularity-std": 0.03604235368964585,
    "6mwt-gp_nb-step_regularity-median": 0.6850947021054561,
    "6mwt-gp_nb-step_regularity-min": 0.5634827397825283,
    "6mwt-gp_nb-step_regularity-max": 0.7734175609963886,
    "6mwt-gp_nb-stride_regularity-mean": 0.8889704191232162,
    "6mwt-gp_nb-stride_regularity-std": 0.05925264987394956,
    "6mwt-gp_nb-stride_regularity-median": 0.9052425574516868,
    "6mwt-gp_nb-stride_regularity-min": 0.6652838144379675,
    "6mwt-gp_nb-stride_regularity-max": 0.9591902872665137,
    "6mwt-gp_2min-si-mean": 3.245286451273273,
    "6mwt-gp_2min-si-std": 0.06332697276393087,
    "6mwt-gp_2min-si-median": 3.2461308933040818,
    "6mwt-gp_2min-si-min": 3.1245762013589564,
    "6mwt-gp_2min-si-max": 3.4083032400439826,
    "6mwt-gp_lb-si-mean": 3.2574431586411188,
    "6mwt-gp_lb-si-std": 0.06887229421756877,
    "6mwt-gp_lb-si-median": 3.2558174268674,
    "6mwt-gp_lb-si-min": 3.1245762013589564,
    "6mwt-gp_lb-si-max": 3.4345739178887698,
    "6mwt-gp_ab-si-mean": 3.2679181714504004,
    "6mwt-gp_ab-si-std": 0.07730873355930068,
    "6mwt-gp_ab-si-median": 3.2606413045824647,
    "6mwt-gp_ab-si-min": 3.1245762013589564,
    "6mwt-gp_ab-si-max": 3.6808806860393086,
    "6mwt-gp_nb-si-mean": 3.2669449335647176,
    "6mwt-gp_nb-si-std": 0.07672997440501773,
    "6mwt-gp_nb-si-median": 3.258362465649704,
    "6mwt-gp_nb-si-min": 3.1245762013589564,
    "6mwt-gp_nb-si-max": 3.6808806860393086,
    "6mwt-gp_nb-sc": 703
  }
}
